Archive member included to satisfy reference by file (symbol)

app/libapp.a(main.c.obj)      (--whole-archive)
zephyr/libzephyr.a(validate_libc.c.obj)
                              (--whole-archive)
zephyr/libzephyr.a(heap.c.obj)
                              (--whole-archive)
zephyr/libzephyr.a(boot_banner.c.obj)
                              (--whole-archive)
zephyr/libzephyr.a(cbprintf_packaged.c.obj)
                              (--whole-archive)
zephyr/libzephyr.a(clock.c.obj)
                              (--whole-archive)
zephyr/libzephyr.a(printk.c.obj)
                              (--whole-archive)
zephyr/libzephyr.a(cbprintf_complete.c.obj)
                              (--whole-archive)
zephyr/libzephyr.a(assert.c.obj)
                              (--whole-archive)
zephyr/libzephyr.a(dec.c.obj)
                              (--whole-archive)
zephyr/libzephyr.a(hex.c.obj)
                              (--whole-archive)
zephyr/libzephyr.a(rb.c.obj)  (--whole-archive)
zephyr/libzephyr.a(set.c.obj)
                              (--whole-archive)
zephyr/libzephyr.a(timeutil.c.obj)
                              (--whole-archive)
zephyr/libzephyr.a(bitarray.c.obj)
                              (--whole-archive)
zephyr/libzephyr.a(bitmask.c.obj)
                              (--whole-archive)
zephyr/libzephyr.a(getopt.c.obj)
                              (--whole-archive)
zephyr/libzephyr.a(getopt_common.c.obj)
                              (--whole-archive)
zephyr/libzephyr.a(onoff.c.obj)
                              (--whole-archive)
zephyr/libzephyr.a(notify.c.obj)
                              (--whole-archive)
zephyr/libzephyr.a(ring_buffer.c.obj)
                              (--whole-archive)
zephyr/libzephyr.a(last_section_id.c.obj)
                              (--whole-archive)
zephyr/libzephyr.a(configs.c.obj)
                              (--whole-archive)
zephyr/libzephyr.a(thread_info.c.obj)
                              (--whole-archive)
zephyr/libzephyr.a(mem_attr.c.obj)
                              (--whole-archive)
zephyr/libzephyr.a(tracing_none.c.obj)
                              (--whole-archive)
zephyr/libzephyr.a(sem.c.obj)
                              (--whole-archive)
zephyr/libzephyr.a(thread_entry.c.obj)
                              (--whole-archive)
zephyr/arch/common/libarch__common.a(sw_isr_common.c.obj)
                              (--whole-archive)
zephyr/arch/common/libarch__common.a(init.c.obj)
                              (--whole-archive)
zephyr/arch/common/libarch__common.a(xip.c.obj)
                              (--whole-archive)
zephyr/arch/arch/arm/core/libarch__arm__core.a(fatal.c.obj)
                              (--whole-archive)
zephyr/arch/arch/arm/core/libarch__arm__core.a(nmi.c.obj)
                              (--whole-archive)
zephyr/arch/arch/arm/core/libarch__arm__core.a(nmi_on_reset.S.obj)
                              (--whole-archive)
zephyr/arch/arch/arm/core/libarch__arm__core.a(tls.c.obj)
                              (--whole-archive)
zephyr/arch/arch/arm/core/cortex_m/libarch__arm__core__cortex_m.a(fault.c.obj)
                              (--whole-archive)
zephyr/arch/arch/arm/core/cortex_m/libarch__arm__core__cortex_m.a(fault_s.S.obj)
                              (--whole-archive)
zephyr/arch/arch/arm/core/cortex_m/libarch__arm__core__cortex_m.a(fpu.c.obj)
                              (--whole-archive)
zephyr/arch/arch/arm/core/cortex_m/libarch__arm__core__cortex_m.a(reset.S.obj)
                              (--whole-archive)
zephyr/arch/arch/arm/core/cortex_m/libarch__arm__core__cortex_m.a(scb.c.obj)
                              (--whole-archive)
zephyr/arch/arch/arm/core/cortex_m/libarch__arm__core__cortex_m.a(vector_table.S.obj)
                              (--whole-archive)
zephyr/arch/arch/arm/core/cortex_m/libarch__arm__core__cortex_m.a(svc.S.obj)
                              (--whole-archive)
zephyr/arch/arch/arm/core/cortex_m/libarch__arm__core__cortex_m.a(irq_manage.c.obj)
                              (--whole-archive)
zephyr/arch/arch/arm/core/cortex_m/libarch__arm__core__cortex_m.a(prep_c.c.obj)
                              (--whole-archive)
zephyr/arch/arch/arm/core/cortex_m/libarch__arm__core__cortex_m.a(thread.c.obj)
                              (--whole-archive)
zephyr/arch/arch/arm/core/cortex_m/libarch__arm__core__cortex_m.a(cpu_idle.c.obj)
                              (--whole-archive)
zephyr/arch/arch/arm/core/cortex_m/libarch__arm__core__cortex_m.a(exc_exit.c.obj)
                              (--whole-archive)
zephyr/arch/arch/arm/core/cortex_m/libarch__arm__core__cortex_m.a(thread_abort.c.obj)
                              (--whole-archive)
zephyr/arch/arch/arm/core/cortex_m/libarch__arm__core__cortex_m.a(swap_helper.S.obj)
                              (--whole-archive)
zephyr/arch/arch/arm/core/cortex_m/libarch__arm__core__cortex_m.a(irq_init.c.obj)
                              (--whole-archive)
[...]
Memory Configuration

Name             Origin             Length             Attributes
FLASH            0x00000000         0x00100000         xr
RAM              0x20000000         0x00040000         xw
IDT_LIST         0xffff7fff         0x00008000         xw
*default*        0x00000000         0xffffffff

Linker script and memory map

                0x0000391c                        vfprintf = __l_vfprintf
                0x00000000                        vfscanf = __l_vfscanf
LOAD zephyr/CMakeFiles/zephyr_pre0.dir/misc/empty_file.c.obj
LOAD zephyr/CMakeFiles/offsets.dir/./arch/arm/core/offsets/offsets.c.obj
LOAD app/libapp.a
LOAD zephyr/libzephyr.a
LOAD zephyr/arch/common/libarch__common.a
LOAD zephyr/arch/arch/arm/core/libarch__arm__core.a
LOAD zephyr/arch/arch/arm/core/cortex_m/libarch__arm__core__cortex_m.a
LOAD zephyr/arch/arch/arm/core/mpu/libarch__arm__core__mpu.a
LOAD zephyr/lib/libc/picolibc/liblib__libc__picolibc.a
LOAD zephyr/lib/libc/common/liblib__libc__common.a
LOAD zephyr/soc/soc/nrf52840/libsoc__nordic.a
LOAD zephyr/subsys/portability/posix/c_lib_ext/libsubsys__portability__posix__c_lib_ext.a
LOAD zephyr/drivers/clock_control/libdrivers__clock_control.a
LOAD zephyr/drivers/console/libdrivers__console.a
LOAD zephyr/drivers/gpio/libdrivers__gpio.a
LOAD zephyr/drivers/i2c/libdrivers__i2c.a
LOAD zephyr/drivers/pinctrl/libdrivers__pinctrl.a
LOAD zephyr/drivers/sensor/nordic/temp/libdrivers__sensor__nordic__temp.a
LOAD zephyr/drivers/serial/libdrivers__serial.a
LOAD zephyr/drivers/timer/libdrivers__timer.a
LOAD modules/hal_nordic/nrfx/libnrfx.a
LOAD zephyr/kernel/libkernel.a
LOAD zephyr/arch/common/libisr_tables.a
LOAD C:/Users/user/zephyr-sdk-1.0.1/gnu/arm-zephyr-eabi/bin/../lib/gcc/arm-zephyr-eabi/14.3.0/../../../../arm-zephyr-eabi/lib/thumb/v7e-m/nofp/space\libc.a
LOAD C:/Users/user/zephyr-sdk-1.0.1/gnu/arm-zephyr-eabi/bin/../lib/gcc/arm-zephyr-eabi/14.3.0/thumb/v7e-m/nofp/space\libgcc.a
                0x00000020                        _region_min_align = 0x20

.rel.plt        0x00000000        0x0
 *(SORT_BY_ALIGNMENT(.rel.plt))
                [!provide]                        PROVIDE (__rel_iplt_start = .)
 *(SORT_BY_ALIGNMENT(.rel.iplt))
 .rel.iplt      0x00000000        0x0 app/libapp.a(main.c.obj)
                [!provide]                        PROVIDE (__rel_iplt_end = .)

.rela.plt       0x00000000        0x0
 *(SORT_BY_ALIGNMENT(.rela.plt))
                [!provide]                        PROVIDE (__rela_iplt_start = .)
 *(SORT_BY_ALIGNMENT(.rela.iplt))
                [!provide]                        PROVIDE (__rela_iplt_end = .)

.rel.dyn
 *(SORT_BY_ALIGNMENT(.rel.*))

.rela.dyn
 *(SORT_BY_ALIGNMENT(.rela.*))

/DISCARD/
 *(SORT_BY_ALIGNMENT(.plt))

/DISCARD/
 *(SORT_BY_ALIGNMENT(.iplt))
                0x00000000                        __rom_region_start = 0x0

rom_start       0x00000000      0x100
                0x00000000                        __rom_start_address = .
 FILL mask 0x00
                0x00000000                        . = (. + (0x0 - (. - __rom_start_address)))
                0x00000000                        . = ALIGN (0x4)
                0x00000000                        . = ALIGN (0x80)
                0x00000000                        . = ALIGN (0x100)
                0x00000000                        _vector_start = .
 *(SORT_BY_ALIGNMENT(.exc_vector_table))
 *(SORT_BY_ALIGNMENT(.exc_vector_table.*))
 .exc_vector_table._vector_table_section
                0x00000000       0x40 zephyr/arch/arch/arm/core/cortex_m/libarch__arm__core__cortex_m.a(vector_table.S.obj)
                0x00000000                _vector_table
 *(SORT_BY_ALIGNMENT(.vectors))
                0x00000100                        _vector_end = .
                0x00000040                        . = ALIGN (0x4)
 *(SORT_BY_ALIGNMENT(.gnu.linkonce.irq_vector_table*))
 .gnu.linkonce.irq_vector_table
                0x00000040       0xc0 zephyr/arch/common/libisr_tables.a(isr_tables.c.obj)
                0x00000040                _irq_vector_table
                0x00000100                        _vector_end = .

text            0x00000100     0x51ec
                0x00000100                        __text_region_start = .
 *(SORT_BY_ALIGNMENT(.text))
 *(SORT_BY_ALIGNMENT(.text.*))
 .text.main     0x00000100       0x74 app/libapp.a(main.c.obj)
                0x00000100                main
 .text.boot_banner
                0x00000174       0x10 zephyr/libzephyr.a(boot_banner.c.obj)
 .text.char_out
                0x00000184        0xc zephyr/libzephyr.a(printk.c.obj)
 .text.__printk_hook_install
                0x00000190        0xc zephyr/libzephyr.a(printk.c.obj)
                0x00000190                __printk_hook_install
 .text.vprintk  0x0000019c       0x30 zephyr/libzephyr.a(printk.c.obj)
                0x0000019c                vprintk
 .text.process_event
                0x000001cc      0x1e8 zephyr/libzephyr.a(onoff.c.obj)
 .text.mem_attr_get_regions
                0x000003b4        0xc zephyr/libzephyr.a(mem_attr.c.obj)
                0x000003b4                mem_attr_get_regions
 .text.z_thread_entry
                0x000003c0       0x34 zephyr/libzephyr.a(thread_entry.c.obj)
                0x000003c0                z_thread_entry
 .text.arch_bss_zero
                0x000003f4       0x18 zephyr/arch/common/libarch__common.a(init.c.obj)
                0x000003f4                arch_bss_zero
 .text.arch_data_copy
                0x0000040c       0x38 zephyr/arch/common/libarch__common.a(xip.c.obj)
                0x0000040c                arch_data_copy
 .text.z_arm_fatal_error
                0x00000444       0x60 zephyr/arch/arch/arm/core/libarch__arm__core.a(fatal.c.obj)
                0x00000444                z_arm_fatal_error
 .text.z_SysNmiOnReset
                0x000004a4        0x8 zephyr/arch/arch/arm/core/libarch__arm__core.a(nmi_on_reset.S.obj)
                0x000004a4                z_SysNmiOnReset
 .text.arch_tls_stack_setup
                0x000004ac       0x40 zephyr/arch/arch/arm/core/libarch__arm__core.a(tls.c.obj)
                0x000004ac                arch_tls_stack_setup
 .text.mem_manage_fault
                0x000004ec       0xf0 zephyr/arch/arch/arm/core/cortex_m/libarch__arm__core__cortex_m.a(fault.c.obj)
 .text.usage_fault.isra.0
                0x000005dc       0x98 zephyr/arch/arch/arm/core/cortex_m/libarch__arm__core__cortex_m.a(fault.c.obj)
 .text.bus_fault.isra.0
                0x00000674       0xb8 zephyr/arch/arch/arm/core/cortex_m/libarch__arm__core__cortex_m.a(fault.c.obj)
 .text.z_arm_fault
                0x0000072c      0x1a8 zephyr/arch/arch/arm/core/cortex_m/libarch__arm__core__cortex_m.a(fault.c.obj)
                0x0000072c                z_arm_fault
 .text.z_arm_fault_init
                0x000008d4       0x18 zephyr/arch/arch/arm/core/cortex_m/libarch__arm__core__cortex_m.a(fault.c.obj)
                0x000008d4                z_arm_fault_init
 .text.__fault  0x000008ec       0x14 zephyr/arch/arch/arm/core/cortex_m/libarch__arm__core__cortex_m.a(fault_s.S.obj)
                0x000008ec                z_arm_usage_fault
                0x000008ec                z_arm_mpu_fault
                0x000008ec                z_arm_exc_spurious
                0x000008ec                z_arm_debug_monitor
                0x000008ec                z_arm_hard_fault
                0x000008ec                z_arm_bus_fault
 .text._reset_section
                0x00000900       0x44 zephyr/arch/arch/arm/core/cortex_m/libarch__arm__core__cortex_m.a(reset.S.obj)
                0x00000900                __start
                0x00000900                z_arm_reset
 .text.z_arm_svc
                0x00000944       0x24 zephyr/arch/arch/arm/core/cortex_m/libarch__arm__core__cortex_m.a(svc.S.obj)
                0x00000944                z_arm_svc
 .text.arm_irq_enable
                0x00000968       0x1c zephyr/arch/arch/arm/core/cortex_m/libarch__arm__core__cortex_m.a(irq_manage.c.obj)
                0x00000968                arm_irq_enable
 .text.arm_irq_is_enabled
                0x00000984       0x1c zephyr/arch/arch/arm/core/cortex_m/libarch__arm__core__cortex_m.a(irq_manage.c.obj)
                0x00000984                arm_irq_is_enabled
 .text.arm_irq_priority_set
                0x000009a0       0x30 zephyr/arch/arch/arm/core/cortex_m/libarch__arm__core__cortex_m.a(irq_manage.c.obj)
                0x000009a0                arm_irq_priority_set
 .text.relocate_vector_table
                0x000009d0       0x1c zephyr/arch/arch/arm/core/cortex_m/libarch__arm__core__cortex_m.a(prep_c.c.obj)
                0x000009d0                relocate_vector_table
 .text.z_prep_c
                0x000009ec       0x38 zephyr/arch/arch/arm/core/cortex_m/libarch__arm__core__cortex_m.a(prep_c.c.obj)
                0x000009ec                z_prep_c
 .text.arch_new_thread
                0x00000a24       0x38 zephyr/arch/arch/arm/core/cortex_m/libarch__arm__core__cortex_m.a(thread.c.obj)
                0x00000a24                arch_new_thread
 .text.z_check_thread_stack_fail
                0x00000a5c       0x30 zephyr/arch/arch/arm/core/cortex_m/libarch__arm__core__cortex_m.a(thread.c.obj)
                0x00000a5c                z_check_thread_stack_fail
 .text.arch_switch_to_main_thread
                0x00000a8c       0x40 zephyr/arch/arch/arm/core/cortex_m/libarch__arm__core__cortex_m.a(thread.c.obj)
                0x00000a8c                arch_switch_to_main_thread
 .text.z_arm_cpu_idle_init
                0x00000acc        0xc zephyr/arch/arch/arm/core/cortex_m/libarch__arm__core__cortex_m.a(cpu_idle.c.obj)
                0x00000acc                z_arm_cpu_idle_init
 .text._HandlerModeExit
                0x00000ad8       0x20 zephyr/arch/arch/arm/core/cortex_m/libarch__arm__core__cortex_m.a(exc_exit.c.obj)
                0x00000ad8                z_arm_int_exit
                0x00000ad8                z_arm_exc_exit
 .text.z_impl_k_thread_abort
                0x00000af8       0x2c zephyr/arch/arch/arm/core/cortex_m/libarch__arm__core__cortex_m.a(thread_abort.c.obj)
                0x00000af8                z_impl_k_thread_abort
 .text.z_arm_pendsv
                0x00000b24       0x64 zephyr/arch/arch/arm/core/cortex_m/libarch__arm__core__cortex_m.a(swap_helper.S.obj)
                0x00000b24                z_arm_pendsv
 .text.z_arm_interrupt_init
                0x00000b88       0x18 zephyr/arch/arch/arm/core/cortex_m/libarch__arm__core__cortex_m.a(irq_init.c.obj)
                0x00000b88                z_arm_interrupt_init
 .text._isr_wrapper
                0x00000ba0       0x24 zephyr/arch/arch/arm/core/cortex_m/libarch__arm__core__cortex_m.a(isr_wrapper.c.obj)
                0x00000ba0                _isr_wrapper
 .text.__aeabi_read_tp
                0x00000bc4        0xc zephyr/arch/arch/arm/core/cortex_m/libarch__arm__core__cortex_m.a(__aeabi_read_tp.S.obj)
                0x00000bc4                __aeabi_read_tp
 .text.z_arm_configure_static_mpu_regions
                0x00000bd0       0x18 zephyr/arch/arch/arm/core/mpu/libarch__arm__core__mpu.a(arm_core_mpu.c.obj)
                0x00000bd0                z_arm_configure_static_mpu_regions
 .text.z_arm_configure_dynamic_mpu_regions
                0x00000be8       0x24 zephyr/arch/arch/arm/core/mpu/libarch__arm__core__mpu.a(arm_core_mpu.c.obj)
                0x00000be8                z_arm_configure_dynamic_mpu_regions
 .text.region_init
                0x00000c0c       0x28 zephyr/arch/arch/arm/core/mpu/libarch__arm__core__mpu.a(arm_mpu.c.obj)
 .text.mpu_configure_regions
                0x00000c34       0x6c zephyr/arch/arch/arm/core/mpu/libarch__arm__core__mpu.a(arm_mpu.c.obj)
 .text.arm_core_mpu_enable
                0x00000ca0       0x18 zephyr/arch/arch/arm/core/mpu/libarch__arm__core__mpu.a(arm_mpu.c.obj)
                0x00000ca0                arm_core_mpu_enable
 .text.arm_core_mpu_disable
                0x00000cb8       0x14 zephyr/arch/arch/arm/core/mpu/libarch__arm__core__mpu.a(arm_mpu.c.obj)
                0x00000cb8                arm_core_mpu_disable
 .text.arm_core_mpu_configure_static_mpu_regions
                0x00000ccc       0x14 zephyr/arch/arch/arm/core/mpu/libarch__arm__core__mpu.a(arm_mpu.c.obj)
                0x00000ccc                arm_core_mpu_configure_static_mpu_regions
 .text.arm_core_mpu_configure_dynamic_mpu_regions
                0x00000ce0       0x38 zephyr/arch/arch/arm/core/mpu/libarch__arm__core__mpu.a(arm_mpu.c.obj)
                0x00000ce0                arm_core_mpu_configure_dynamic_mpu_regions
 .text.z_arm_mpu_init
                0x00000d18      0x184 zephyr/arch/arch/arm/core/mpu/libarch__arm__core__mpu.a(arm_mpu.c.obj)
                0x00000d18                z_arm_mpu_init
 .text.z_impl_zephyr_fputc
                0x00000e9c       0x10 zephyr/lib/libc/picolibc/liblib__libc__picolibc.a(stdio.c.obj)
                0x00000e9c                z_impl_zephyr_fputc
 .text.__stdout_hook_install
                0x00000eac       0x18 zephyr/lib/libc/picolibc/liblib__libc__picolibc.a(stdio.c.obj)
                0x00000eac                __stdout_hook_install
 .text.malloc_prepare
                0x00000ec4       0x24 zephyr/lib/libc/common/liblib__libc__common.a(malloc.c.obj)
 .text.nordicsemi_nrf52_init
                0x00000ee8       0x38 zephyr/soc/soc/nrf52840/libsoc__nordic.a(soc.c.obj)
 .text.arch_busy_wait
                0x00000f20       0x24 zephyr/soc/soc/nrf52840/libsoc__nordic.a(soc.c.obj)
                0x00000f20                arch_busy_wait
 .text.gppi_init
                0x00000f44       0x20 zephyr/soc/soc/nrf52840/libsoc__nordic.a(gppi_init.c.obj)
 .text.onoff_stop
                0x00000f64       0x30 zephyr/drivers/clock_control/libdrivers__clock_control.a(clock_control_nrf.c.obj)
 .text.onoff_start
                0x00000f94       0x44 zephyr/drivers/clock_control/libdrivers__clock_control.a(clock_control_nrf.c.obj)
 .text.clk_init
                0x00000fd8       0x58 zephyr/drivers/clock_control/libdrivers__clock_control.a(clock_control_nrf.c.obj)
 .text.api_blocking_start
                0x00001030       0x30 zephyr/drivers/clock_control/libdrivers__clock_control.a(clock_control_nrf.c.obj)
 .text.generic_hfclk_stop
                0x00001060       0x34 zephyr/drivers/clock_control/libdrivers__clock_control.a(clock_control_nrf.c.obj)
 .text.clkstarted_handle.constprop.0
                0x00001094       0x4c zephyr/drivers/clock_control/libdrivers__clock_control.a(clock_control_nrf.c.obj)
 .text.generic_hfclk_start
                0x000010e0       0x78 zephyr/drivers/clock_control/libdrivers__clock_control.a(clock_control_nrf.c.obj)
 .text.clock_event_handler
                0x00001158       0x1c zephyr/drivers/clock_control/libdrivers__clock_control.a(clock_control_nrf.c.obj)
 .text.z_nrf_clock_control_get_onoff
                0x00001174       0x10 zephyr/drivers/clock_control/libdrivers__clock_control.a(clock_control_nrf.c.obj)
                0x00001174                z_nrf_clock_control_get_onoff
 .text.z_nrf_clock_control_lf_on
                0x00001184       0xfc zephyr/drivers/clock_control/libdrivers__clock_control.a(clock_control_nrf.c.obj)
                0x00001184                z_nrf_clock_control_lf_on
 .text.uart_console_init
                0x00001280       0x28 zephyr/drivers/console/libdrivers__console.a(uart_console.c.obj)
 .text.console_out
                0x000012a8       0x28 zephyr/drivers/console/libdrivers__console.a(uart_console.c.obj)
 .text.gpio_nrfx_pin_configure
                0x000012d0      0x184 zephyr/drivers/gpio/libdrivers__gpio.a(gpio_nrfx.c.obj)
 .text.nrfx_gpio_handler
                0x00001454       0x4c zephyr/drivers/gpio/libdrivers__gpio.a(gpio_nrfx.c.obj)
 .text.gpio_nrfx_init
                0x000014a0       0x3c zephyr/drivers/gpio/libdrivers__gpio.a(gpio_nrfx.c.obj)
 .text.gpio_nrfx_pin_interrupt_configure
                0x000014dc       0xfc zephyr/drivers/gpio/libdrivers__gpio.a(gpio_nrfx.c.obj)
 .text.nrf_gpio_pin_port_decode
                0x000015d8       0x20 zephyr/drivers/pinctrl/libdrivers__pinctrl.a(pinctrl_nrf.c.obj)
 .text.pinctrl_configure_pins
                0x000015f8      0x1a8 zephyr/drivers/pinctrl/libdrivers__pinctrl.a(pinctrl_nrf.c.obj)
                0x000015f8                pinctrl_configure_pins
 .text.hfclk_on_callback
                0x000017a0        0xc zephyr/drivers/sensor/nordic/temp/libdrivers__sensor__nordic__temp.a(temp_nrf5.c.obj)
 .text.temp_nrf5_channel_get
                0x000017ac       0x2c zephyr/drivers/sensor/nordic/temp/libdrivers__sensor__nordic__temp.a(temp_nrf5.c.obj)
 .text.temp_nrf5_isr
                0x000017d8       0x18 zephyr/drivers/sensor/nordic/temp/libdrivers__sensor__nordic__temp.a(temp_nrf5.c.obj)
 .text.temp_nrf5_sample_fetch
                0x000017f0       0x78 zephyr/drivers/sensor/nordic/temp/libdrivers__sensor__nordic__temp.a(temp_nrf5.c.obj)
 .text.temp_nrf5_init
                0x00001868       0x40 zephyr/drivers/sensor/nordic/temp/libdrivers__sensor__nordic__temp.a(temp_nrf5.c.obj)
 .text.uarte_nrfx_poll_out
                0x000018a8       0xb8 zephyr/drivers/serial/libdrivers__serial.a(uart_nrfx_uarte.c.obj)
 .text.compare_int_lock
                0x00001960       0x4c zephyr/drivers/timer/libdrivers__timer.a(nrf_rtc_timer.c.obj)
 .text.sys_clock_timeout_handler
                0x000019ac       0x58 zephyr/drivers/timer/libdrivers__timer.a(nrf_rtc_timer.c.obj)
 .text.compare_int_unlock
                0x00001a04       0x5c zephyr/drivers/timer/libdrivers__timer.a(nrf_rtc_timer.c.obj)
 .text.z_nrf_rtc_timer_read
                0x00001a60       0x44 zephyr/drivers/timer/libdrivers__timer.a(nrf_rtc_timer.c.obj)
                0x00001a60                z_nrf_rtc_timer_read
 .text.compare_set
                0x00001aa4      0x130 zephyr/drivers/timer/libdrivers__timer.a(nrf_rtc_timer.c.obj)
 .text.sys_clock_driver_init
                0x00001bd4       0x90 zephyr/drivers/timer/libdrivers__timer.a(nrf_rtc_timer.c.obj)
 .text.rtc_nrf_isr
                0x00001c64       0xd0 zephyr/drivers/timer/libdrivers__timer.a(nrf_rtc_timer.c.obj)
                0x00001c64                rtc_nrf_isr
 .text.sys_clock_set_timeout
                0x00001d34       0x5c zephyr/drivers/timer/libdrivers__timer.a(nrf_rtc_timer.c.obj)
                0x00001d34                sys_clock_set_timeout
 .text.sys_clock_elapsed
                0x00001d90       0x14 zephyr/drivers/timer/libdrivers__timer.a(nrf_rtc_timer.c.obj)
                0x00001d90                sys_clock_elapsed
 .text.nvmc_wait
                0x00001da4       0x10 modules/hal_nordic/nrfx/libnrfx.a(system_nrf52840.c.obj)
                0x00001da4                nvmc_wait
 .text.SystemInit
                0x00001db4      0x1ac modules/hal_nordic/nrfx/libnrfx.a(system_nrf52840.c.obj)
                0x00001db4                SystemInit
 .text.nrfx_gppi_init
                0x00001f60        0xc modules/hal_nordic/nrfx/libnrfx.a(nrfx_gppi_ppi.c.obj)
                0x00001f60                nrfx_gppi_init
 .text.nrfx_gppi_domain_conn_alloc
                0x00001f6c       0x1c modules/hal_nordic/nrfx/libnrfx.a(nrfx_gppi_ppi.c.obj)
                0x00001f6c                nrfx_gppi_domain_conn_alloc
 .text.nrfx_gppi_conn_enable
                0x00001f88       0x10 modules/hal_nordic/nrfx/libnrfx.a(nrfx_gppi_ppi.c.obj)
                0x00001f88                nrfx_gppi_conn_enable
 .text.hfclk_event_handler
                0x00001f98        0xc modules/hal_nordic/nrfx/libnrfx.a(nrfx_clock.c.obj)
 .text.lfclk_event_handler
                0x00001fa4        0xc modules/hal_nordic/nrfx/libnrfx.a(nrfx_clock.c.obj)
 .text.nrfx_clock_init
                0x00001fb0       0x40 modules/hal_nordic/nrfx/libnrfx.a(nrfx_clock.c.obj)
                0x00001fb0                nrfx_clock_init
 .text.nrfx_clock_enable
                0x00001ff0       0x20 modules/hal_nordic/nrfx/libnrfx.a(nrfx_clock.c.obj)
                0x00001ff0                nrfx_clock_enable
 .text.clock_stop
                0x00002010       0x4c modules/hal_nordic/nrfx/libnrfx.a(nrfx_clock_hfclk.c.obj)
 .text.nrfx_clock_hfclk_init
                0x0000205c       0x28 modules/hal_nordic/nrfx/libnrfx.a(nrfx_clock_hfclk.c.obj)
                0x0000205c                nrfx_clock_hfclk_init
 .text.nrfx_clock_hfclk_start
                0x00002084       0x38 modules/hal_nordic/nrfx/libnrfx.a(nrfx_clock_hfclk.c.obj)
                0x00002084                nrfx_clock_hfclk_start
 .text.nrfx_clock_hfclk_irq_handler
                0x000020bc       0x40 modules/hal_nordic/nrfx/libnrfx.a(nrfx_clock_hfclk.c.obj)
                0x000020bc                nrfx_clock_hfclk_irq_handler
 .text.nrfx_clock_lfclk_init
                0x000020fc       0x24 modules/hal_nordic/nrfx/libnrfx.a(nrfx_clock_lfclk.c.obj)
                0x000020fc                nrfx_clock_lfclk_init
 .text.nrfx_clock_lfclk_start
                0x00002120       0x80 modules/hal_nordic/nrfx/libnrfx.a(nrfx_clock_lfclk.c.obj)
                0x00002120                nrfx_clock_lfclk_start
 .text.nrfx_clock_lfclk_irq_handler
                0x000021a0       0x70 modules/hal_nordic/nrfx/libnrfx.a(nrfx_clock_lfclk.c.obj)
                0x000021a0                nrfx_clock_lfclk_irq_handler
 .text.nrf_gpio_pin_port_decode
                0x00002210       0x20 modules/hal_nordic/nrfx/libnrfx.a(nrfx_gpiote.c.obj)
 .text.get_pin_idx
                0x00002230       0x14 modules/hal_nordic/nrfx/libnrfx.a(nrfx_gpiote.c.obj)
 .text.latch_pending_read_and_check
                0x00002244       0x60 modules/hal_nordic/nrfx/libnrfx.a(nrfx_gpiote.c.obj)
 .text.pin_uninit
                0x000022a4       0x78 modules/hal_nordic/nrfx/libnrfx.a(nrfx_gpiote.c.obj)
 .text.nrfx_gpiote_channel_free
                0x0000231c        0xc modules/hal_nordic/nrfx/libnrfx.a(nrfx_gpiote.c.obj)
                0x0000231c                nrfx_gpiote_channel_free
 .text.nrfx_gpiote_channel_alloc
                0x00002328       0x18 modules/hal_nordic/nrfx/libnrfx.a(nrfx_gpiote.c.obj)
                0x00002328                nrfx_gpiote_channel_alloc
 .text.nrfx_gpiote_irq_handler
                0x00002340      0x1cc modules/hal_nordic/nrfx/libnrfx.a(nrfx_gpiote.c.obj)
                0x00002340                nrfx_gpiote_irq_handler
 .text.twi_tx_start_transfer
                0x0000250c       0xec modules/hal_nordic/nrfx/libnrfx.a(nrfx_twi.c.obj)
 .text.twi_rx_start_transfer
                0x000025f8       0xcc modules/hal_nordic/nrfx/libnrfx.a(nrfx_twi.c.obj)
 .text.nrfx_twi_init
                0x000026c4       0xbc modules/hal_nordic/nrfx/libnrfx.a(nrfx_twi.c.obj)
                0x000026c4                nrfx_twi_init
 .text.nrfx_twi_disable
                0x00002780       0x2c modules/hal_nordic/nrfx/libnrfx.a(nrfx_twi.c.obj)
                0x00002780                nrfx_twi_disable
 .text.nrfx_twi_xfer
                0x000027ac       0xb0 modules/hal_nordic/nrfx/libnrfx.a(nrfx_twi.c.obj)
                0x000027ac                nrfx_twi_xfer
 .text.nrf_gpio_pin_port_decode
                0x0000285c       0x20 modules/hal_nordic/nrfx/libnrfx.a(nrfx_twi_twim.c.obj)
 .text.nrfx_twi_twim_bus_recover
                0x0000287c       0xdc modules/hal_nordic/nrfx/libnrfx.a(nrfx_twi_twim.c.obj)
                0x0000287c                nrfx_twi_twim_bus_recover
 .text.z_fatal_error
                0x00002958       0x30 zephyr/kernel/libkernel.a(fatal.c.obj)
                0x00002958                z_fatal_error
 .text.z_sys_init_run_level
                0x00002988       0x30 zephyr/kernel/libkernel.a(init.c.obj)
 .text.bg_thread_main
                0x000029b8       0xbc zephyr/kernel/libkernel.a(init.c.obj)
 .text.z_init_cpu
                0x00002a74       0x78 zephyr/kernel/libkernel.a(init.c.obj)
                0x00002a74                z_init_cpu
 .text.z_cstart
                0x00002aec       0xcc zephyr/kernel/libkernel.a(init.c.obj)
                0x00002aec                z_cstart
 .text.z_impl_k_mutex_lock
                0x00002bb8       0xe4 zephyr/kernel/libkernel.a(mutex.c.obj)
                0x00002bb8                z_impl_k_mutex_lock
 .text.z_impl_k_mutex_unlock
                0x00002c9c       0xa0 zephyr/kernel/libkernel.a(mutex.c.obj)
                0x00002c9c                z_impl_k_mutex_unlock
 .text.z_impl_k_sem_give
                0x00002d3c       0x68 zephyr/kernel/libkernel.a(sem.c.obj)
                0x00002d3c                z_impl_k_sem_give
 .text.z_impl_k_sem_take
                0x00002da4       0x4c zephyr/kernel/libkernel.a(sem.c.obj)
                0x00002da4                z_impl_k_sem_take
 .text.z_setup_new_thread
                0x00002df0       0xec zephyr/kernel/libkernel.a(thread.c.obj)
                0x00002df0                z_setup_new_thread
 .text.z_dummy_thread_init
                0x00002edc       0x1c zephyr/kernel/libkernel.a(thread.c.obj)
                0x00002edc                z_dummy_thread_init
 .text.z_impl_k_wakeup
                0x00002ef8       0x48 zephyr/kernel/libkernel.a(thread.c.obj)
                0x00002ef8                z_impl_k_wakeup
 .text.z_swap_irqlock
                0x00002f40       0x34 zephyr/kernel/libkernel.a(sched.c.obj)
 .text.unready_thread
                0x00002f74       0x54 zephyr/kernel/libkernel.a(sched.c.obj)
 .text.ready_thread
                0x00002fc8       0x80 zephyr/kernel/libkernel.a(sched.c.obj)
 .text.reschedule.isra.0
                0x00003048       0x28 zephyr/kernel/libkernel.a(sched.c.obj)
 .text.move_current_to_end_of_prio_q
                0x00003070       0x6c zephyr/kernel/libkernel.a(sched.c.obj)
                0x00003070                move_current_to_end_of_prio_q
 .text.z_thread_halt
                0x000030dc      0x134 zephyr/kernel/libkernel.a(sched.c.obj)
                0x000030dc                z_thread_halt
 .text.z_sched_lock_reschedule
                0x00003210       0x44 zephyr/kernel/libkernel.a(sched.c.obj)
                0x00003210                z_sched_lock_reschedule
 .text.z_sched_yield
                0x00003254       0x84 zephyr/kernel/libkernel.a(sched.c.obj)
                0x00003254                z_sched_yield
 .text.z_pend_curr
                0x000032d8       0x58 zephyr/kernel/libkernel.a(sched.c.obj)
                0x000032d8                z_pend_curr
 .text.z_thread_prio_set
                0x00003330       0xd8 zephyr/kernel/libkernel.a(sched.c.obj)
                0x00003330                z_thread_prio_set
 .text.z_tick_sleep
                0x00003408       0x94 zephyr/kernel/libkernel.a(sleep.c.obj)
 .text.z_sched_init
                0x0000349c       0x10 zephyr/kernel/libkernel.a(scheduler.c.obj)
                0x0000349c                z_sched_init
 .text.k_sched_lock
                0x000034ac       0x28 zephyr/kernel/libkernel.a(scheduler.c.obj)
                0x000034ac                k_sched_lock
 .text.k_sched_unlock
                0x000034d4       0x20 zephyr/kernel/libkernel.a(scheduler.c.obj)
                0x000034d4                k_sched_unlock
 .text.z_impl_k_sched_current_thread_query
                0x000034f4        0xc zephyr/kernel/libkernel.a(scheduler.c.obj)
                0x000034f4                z_impl_k_sched_current_thread_query
 .text.z_time_slice_size
                0x00003500       0x40 zephyr/kernel/libkernel.a(timeslicing.c.obj)
 .text.slice_timeout
                0x00003540       0x20 zephyr/kernel/libkernel.a(timeslicing.c.obj)
 .text.z_time_slice_reset
                0x00003560       0x44 zephyr/kernel/libkernel.a(timeslicing.c.obj)
                0x00003560                z_time_slice_reset
 .text.z_time_slice
                0x000035a4       0x5c zephyr/kernel/libkernel.a(timeslicing.c.obj)
                0x000035a4                z_time_slice
 .text.z_thread_monitor_exit
                0x00003600       0x3c zephyr/kernel/libkernel.a(thread_monitor.c.obj)
                0x00003600                z_thread_monitor_exit
 .text.first    0x0000363c       0x10 zephyr/kernel/libkernel.a(timeout.c.obj)
 .text.elapsed  0x0000364c       0x14 zephyr/kernel/libkernel.a(timeout.c.obj)
 .text.z_add_timeout
                0x00003660      0x130 zephyr/kernel/libkernel.a(timeout.c.obj)
                0x00003660                z_add_timeout
 .text.z_abort_timeout
                0x00003790       0x90 zephyr/kernel/libkernel.a(timeout.c.obj)
                0x00003790                z_abort_timeout
 .text.sys_clock_announce_locked
                0x00003820       0xcc zephyr/kernel/libkernel.a(timeout.c.obj)
                0x00003820                sys_clock_announce_locked
 .text.sys_clock_tick_get
                0x000038ec       0x30 zephyr/kernel/libkernel.a(timeout.c.obj)
                0x000038ec                sys_clock_tick_get
 .text.__l_vfprintf
                0x0000391c      0x488 C:/Users/user/zephyr-sdk-1.0.1/gnu/arm-zephyr-eabi/bin/../lib/gcc/arm-zephyr-eabi/14.3.0/../../../../arm-zephyr-eabi/lib/thumb/v7e-m/nofp/space\libc.a(libc_tinystdio_vflprintf.c.o)
                0x0000391c                __l_vfprintf
 .text._OffsetAbsSyms
                0x00003da4        0x2 zephyr/CMakeFiles/offsets.dir/./arch/arm/core/offsets/offsets.c.obj
                0x00003da4                _OffsetAbsSyms
 .text.chunk_size
                0x00003da6        0xa zephyr/libzephyr.a(heap.c.obj)
 .text.free_list_add
                0x00003db0       0x4e zephyr/libzephyr.a(heap.c.obj)
 .text.sys_heap_init
                0x00003dfe       0x82 zephyr/libzephyr.a(heap.c.obj)
                0x00003dfe                sys_heap_init
 .text.arch_printk_char_out
                0x00003e80        0x4 zephyr/libzephyr.a(printk.c.obj)
                0x00003e80                arch_printk_char_out
 .text.printk   0x00003e84       0x1a zephyr/libzephyr.a(printk.c.obj)
                0x00003e84                printk
 .text.process_recheck
                0x00003e9e       0x38 zephyr/libzephyr.a(onoff.c.obj)
 .text.validate_args
                0x00003ed6       0x20 zephyr/libzephyr.a(onoff.c.obj)
 .text.notify_one
                0x00003ef6       0x2c zephyr/libzephyr.a(onoff.c.obj)
 .text.transition_complete
                0x00003f22       0x1a zephyr/libzephyr.a(onoff.c.obj)
 .text.onoff_manager_init
                0x00003f3c       0x26 zephyr/libzephyr.a(onoff.c.obj)
                0x00003f3c                onoff_manager_init
 .text.onoff_request
                0x00003f62       0x96 zephyr/libzephyr.a(onoff.c.obj)
                0x00003f62                onoff_request
 .text.onoff_release
                0x00003ff8       0x48 zephyr/libzephyr.a(onoff.c.obj)
                0x00003ff8                onoff_release
 .text.sys_notify_validate
                0x00004040       0x22 zephyr/libzephyr.a(notify.c.obj)
                0x00004040                sys_notify_validate
 .text.sys_notify_finalize
                0x00004062       0x1a zephyr/libzephyr.a(notify.c.obj)
                0x00004062                sys_notify_finalize
 .text._ConfigAbsSyms
                0x0000407c        0x2 zephyr/libzephyr.a(configs.c.obj)
                0x0000407c                _ConfigAbsSyms
 .text.arch_early_memset
                0x0000407e        0x4 zephyr/arch/common/libarch__common.a(init.c.obj)
                0x0000407e                arch_early_memset
 .text.arch_early_memcpy
                0x00004082        0x4 zephyr/arch/common/libarch__common.a(init.c.obj)
                0x00004082                arch_early_memcpy
 .text.z_do_kernel_oops
                0x00004086        0x8 zephyr/arch/arch/arm/core/libarch__arm__core.a(fatal.c.obj)
                0x00004086                z_do_kernel_oops
 .text.z_arm_nmi
                0x0000408e        0xe zephyr/arch/arch/arm/core/libarch__arm__core.a(nmi.c.obj)
                0x0000408e                z_arm_nmi
 .text.z_irq_spurious
                0x0000409c        0x8 zephyr/arch/arch/arm/core/cortex_m/libarch__arm__core__cortex_m.a(irq_manage.c.obj)
                0x0000409c                z_irq_spurious
 .text.arch_coprocessors_disable
                0x000040a4        0x6 zephyr/arch/arch/arm/core/cortex_m/libarch__arm__core__cortex_m.a(thread.c.obj)
                0x000040a4                arch_coprocessors_disable
 .text.arch_irq_unlock_outlined
                0x000040aa        0xe zephyr/arch/arch/arm/core/cortex_m/libarch__arm__core__cortex_m.a(thread.c.obj)
                0x000040aa                arch_irq_unlock_outlined
 .text.arch_cpu_idle
                0x000040b8       0x1a zephyr/arch/arch/arm/core/cortex_m/libarch__arm__core__cortex_m.a(cpu_idle.c.obj)
                0x000040b8                arch_cpu_idle
 .text.arch_cpu_atomic_idle
                0x000040d2       0x1e zephyr/arch/arch/arm/core/cortex_m/libarch__arm__core__cortex_m.a(cpu_idle.c.obj)
                0x000040d2                arch_cpu_atomic_idle
 .text.size_to_mpu_rasr_size
                0x000040f0       0x20 zephyr/arch/arch/arm/core/mpu/libarch__arm__core__mpu.a(arm_mpu.c.obj)
 .text.picolibc_put
                0x00004110        0xa zephyr/lib/libc/picolibc/liblib__libc__picolibc.a(stdio.c.obj)
 .text.get_status
                0x0000411a       0x12 zephyr/drivers/clock_control/libdrivers__clock_control.a(clock_control_nrf.c.obj)
 .text.stop     0x0000412c       0x50 zephyr/drivers/clock_control/libdrivers__clock_control.a(clock_control_nrf.c.obj)
 .text.api_stop
                0x0000417c        0x6 zephyr/drivers/clock_control/libdrivers__clock_control.a(clock_control_nrf.c.obj)
 .text.async_start
                0x00004182       0x60 zephyr/drivers/clock_control/libdrivers__clock_control.a(clock_control_nrf.c.obj)
 .text.api_start
                0x000041e2        0xe zephyr/drivers/clock_control/libdrivers__clock_control.a(clock_control_nrf.c.obj)
 .text.onoff_started_callback
                0x000041f0       0x12 zephyr/drivers/clock_control/libdrivers__clock_control.a(clock_control_nrf.c.obj)
 .text.blocking_start_callback
                0x00004202        0x6 zephyr/drivers/clock_control/libdrivers__clock_control.a(clock_control_nrf.c.obj)
 .text.lfclk_stop
                0x00004208        0x4 zephyr/drivers/clock_control/libdrivers__clock_control.a(clock_control_nrf.c.obj)
 .text.lfclk_start
                0x0000420c        0x4 zephyr/drivers/clock_control/libdrivers__clock_control.a(clock_control_nrf.c.obj)
 .text.gpio_nrfx_port_get_raw
                0x00004210        0xe zephyr/drivers/gpio/libdrivers__gpio.a(gpio_nrfx.c.obj)
 .text.gpio_nrfx_port_set_masked_raw
                0x0000421e       0x18 zephyr/drivers/gpio/libdrivers__gpio.a(gpio_nrfx.c.obj)
 .text.gpio_nrfx_port_set_bits_raw
                0x00004236        0xc zephyr/drivers/gpio/libdrivers__gpio.a(gpio_nrfx.c.obj)
 .text.gpio_nrfx_port_clear_bits_raw
                0x00004242        0xc zephyr/drivers/gpio/libdrivers__gpio.a(gpio_nrfx.c.obj)
 .text.gpio_nrfx_port_toggle_bits
                0x0000424e       0x1a zephyr/drivers/gpio/libdrivers__gpio.a(gpio_nrfx.c.obj)
 .text.gpio_nrfx_manage_callback
                0x00004268       0x54 zephyr/drivers/gpio/libdrivers__gpio.a(gpio_nrfx.c.obj)
 .text.gpio_nrfx_gpiote_irq_handler
                0x000042bc        0x4 zephyr/drivers/gpio/libdrivers__gpio.a(gpio_nrfx.c.obj)
                0x000042bc                gpio_nrfx_gpiote_irq_handler
 .text.twi_0_init
                0x000042c0       0x40 zephyr/drivers/i2c/libdrivers__i2c.a(i2c_nrfx_twi.c.obj)
 .text.event_handler
                0x00004300       0x2a zephyr/drivers/i2c/libdrivers__i2c.a(i2c_nrfx_twi.c.obj)
 .text.i2c_nrfx_twi_transfer
                0x0000432a       0xb4 zephyr/drivers/i2c/libdrivers__i2c.a(i2c_nrfx_twi.c.obj)
 .text.i2c_nrfx_twi_init
                0x000043de        0xc zephyr/drivers/i2c/libdrivers__i2c.a(i2c_nrfx_twi_common.c.obj)
                0x000043de                i2c_nrfx_twi_init
 .text.i2c_nrfx_twi_configure
                0x000043ea       0x30 zephyr/drivers/i2c/libdrivers__i2c.a(i2c_nrfx_twi_common.c.obj)
                0x000043ea                i2c_nrfx_twi_configure
 .text.i2c_nrfx_twi_recover_bus
                0x0000441a       0x48 zephyr/drivers/i2c/libdrivers__i2c.a(i2c_nrfx_twi_common.c.obj)
                0x0000441a                i2c_nrfx_twi_recover_bus
 .text.i2c_nrfx_twi_msg_transfer
                0x00004462       0x5e zephyr/drivers/i2c/libdrivers__i2c.a(i2c_nrfx_twi_common.c.obj)
                0x00004462                i2c_nrfx_twi_msg_transfer
 .text.pinctrl_lookup_state
                0x000044c0       0x26 zephyr/drivers/pinctrl/libdrivers__pinctrl.a(common.c.obj)
                0x000044c0                pinctrl_lookup_state
 .text.uarte_nrfx_err_check
                0x000044e6        0xe zephyr/drivers/serial/libdrivers__serial.a(uart_nrfx_uarte.c.obj)
 .text.uarte_nrfx_poll_in
                0x000044f4       0x26 zephyr/drivers/serial/libdrivers__serial.a(uart_nrfx_uarte.c.obj)
 .text.is_tx_ready.isra.0
                0x0000451a       0x20 zephyr/drivers/serial/libdrivers__serial.a(uart_nrfx_uarte.c.obj)
 .text.uarte_nrfx_isr_int
                0x0000453a       0x42 zephyr/drivers/serial/libdrivers__serial.a(uart_nrfx_uarte.c.obj)
 .text.pinctrl_apply_state.isra.0
                0x0000457c       0x1e zephyr/drivers/serial/libdrivers__serial.a(uart_nrfx_uarte.c.obj)
 .text.uarte_0_init
                0x0000459a       0xd0 zephyr/drivers/serial/libdrivers__serial.a(uart_nrfx_uarte.c.obj)
 .text.event_clear
                0x0000466a       0x18 zephyr/drivers/timer/libdrivers__timer.a(nrf_rtc_timer.c.obj)
 .text.nrf52_errata_98
                0x00004682       0x1a modules/hal_nordic/nrfx/libnrfx.a(system_nrf52840.c.obj)
 .text.nrfx_isr
                0x0000469c        0x6 modules/hal_nordic/nrfx/libnrfx.a(nrfx_glue.c.obj)
                0x0000469c                nrfx_isr
 .text.nrfx_busy_wait
                0x000046a2        0x4 modules/hal_nordic/nrfx/libnrfx.a(nrfx_glue.c.obj)
                0x000046a2                nrfx_busy_wait
 .text.nrfx_flag32_alloc
                0x000046a6       0x3c modules/hal_nordic/nrfx/libnrfx.a(nrfx_flag32_allocator.c.obj)
                0x000046a6                nrfx_flag32_alloc
 .text.nrfx_flag32_free
                0x000046e2       0x3a modules/hal_nordic/nrfx/libnrfx.a(nrfx_flag32_allocator.c.obj)
                0x000046e2                nrfx_flag32_free
 .text.nrfx_gppi_conn_alloc
                0x0000471c       0x28 modules/hal_nordic/nrfx/libnrfx.a(nrfx_gppi_ppi.c.obj)
                0x0000471c                nrfx_gppi_conn_alloc
 .text.nrfx_clock_start
                0x00004744       0x10 modules/hal_nordic/nrfx/libnrfx.a(nrfx_clock.c.obj)
                0x00004744                nrfx_clock_start
 .text.nrfx_clock_stop
                0x00004754       0x10 modules/hal_nordic/nrfx/libnrfx.a(nrfx_clock.c.obj)
                0x00004754                nrfx_clock_stop
 .text.nrfx_power_clock_irq_handler
                0x00004764        0xe modules/hal_nordic/nrfx/libnrfx.a(nrfx_clock.c.obj)
                0x00004764                nrfx_power_clock_irq_handler
 .text.nrf52_errata_201
                0x00004772       0x1e modules/hal_nordic/nrfx/libnrfx.a(nrfx_clock_hfclk.c.obj)
 .text.nrfx_clock_hfclk_stop
                0x00004790        0x4 modules/hal_nordic/nrfx/libnrfx.a(nrfx_clock_hfclk.c.obj)
                0x00004790                nrfx_clock_hfclk_stop
 .text.clock_stop
                0x00004794       0x32 modules/hal_nordic/nrfx/libnrfx.a(nrfx_clock_lfclk.c.obj)
 .text.nrfx_clock_lfclk_stop
                0x000047c6        0x4 modules/hal_nordic/nrfx/libnrfx.a(nrfx_clock_lfclk.c.obj)
                0x000047c6                nrfx_clock_lfclk_stop
 .text.nrf_gpio_reconfigure
                0x000047ca       0x92 modules/hal_nordic/nrfx/libnrfx.a(nrfx_gpiote.c.obj)
 .text.nrf_gpio_cfg_sense_set
                0x0000485c       0x1e modules/hal_nordic/nrfx/libnrfx.a(nrfx_gpiote.c.obj)
 .text.pin_in_use_by_te
                0x0000487a       0x16 modules/hal_nordic/nrfx/libnrfx.a(nrfx_gpiote.c.obj)
 .text.pin_is_output
                0x00004890       0x16 modules/hal_nordic/nrfx/libnrfx.a(nrfx_gpiote.c.obj)
 .text.pin_te_get
                0x000048a6       0x14 modules/hal_nordic/nrfx/libnrfx.a(nrfx_gpiote.c.obj)
 .text.call_handler
                0x000048ba       0x3e modules/hal_nordic/nrfx/libnrfx.a(nrfx_gpiote.c.obj)
 .text.release_handler
                0x000048f8       0x52 modules/hal_nordic/nrfx/libnrfx.a(nrfx_gpiote.c.obj)
 .text.__nrfy_internal_gpiote_events_process
                0x0000494a       0x50 modules/hal_nordic/nrfx/libnrfx.a(nrfx_gpiote.c.obj)
 .text.pin_trigger_disable
                0x0000499a       0x44 modules/hal_nordic/nrfx/libnrfx.a(nrfx_gpiote.c.obj)
 .text.nrfx_gpiote_input_configure
                0x000049de      0x166 modules/hal_nordic/nrfx/libnrfx.a(nrfx_gpiote.c.obj)
                0x000049de                nrfx_gpiote_input_configure
 .text.nrfx_gpiote_output_configure
                0x00004b44       0xea modules/hal_nordic/nrfx/libnrfx.a(nrfx_gpiote.c.obj)
                0x00004b44                nrfx_gpiote_output_configure
 .text.nrfx_gpiote_global_callback_set
                0x00004c2e        0x6 modules/hal_nordic/nrfx/libnrfx.a(nrfx_gpiote.c.obj)
                0x00004c2e                nrfx_gpiote_global_callback_set
 .text.nrfx_gpiote_channel_get
                0x00004c34       0x26 modules/hal_nordic/nrfx/libnrfx.a(nrfx_gpiote.c.obj)
                0x00004c34                nrfx_gpiote_channel_get
 .text.nrfx_gpiote_init
                0x00004c5a       0x38 modules/hal_nordic/nrfx/libnrfx.a(nrfx_gpiote.c.obj)
                0x00004c5a                nrfx_gpiote_init
 .text.nrfx_gpiote_init_check
                0x00004c92        0xc modules/hal_nordic/nrfx/libnrfx.a(nrfx_gpiote.c.obj)
                0x00004c92                nrfx_gpiote_init_check
 .text.nrfx_gpiote_pin_uninit
                0x00004c9e        0x4 modules/hal_nordic/nrfx/libnrfx.a(nrfx_gpiote.c.obj)
                0x00004c9e                nrfx_gpiote_pin_uninit
 .text.nrfx_gpiote_trigger_enable
                0x00004ca2       0xa2 modules/hal_nordic/nrfx/libnrfx.a(nrfx_gpiote.c.obj)
                0x00004ca2                nrfx_gpiote_trigger_enable
 .text.nrfx_gpiote_trigger_disable
                0x00004d44        0x4 modules/hal_nordic/nrfx/libnrfx.a(nrfx_gpiote.c.obj)
                0x00004d44                nrfx_gpiote_trigger_disable
 .text.twi_transfer
                0x00004d48      0x130 modules/hal_nordic/nrfx/libnrfx.a(nrfx_twi.c.obj)
 .text.twi_configure
                0x00004e78       0x30 modules/hal_nordic/nrfx/libnrfx.a(nrfx_twi.c.obj)
 .text.nrfx_twi_enable
                0x00004ea8       0x10 modules/hal_nordic/nrfx/libnrfx.a(nrfx_twi.c.obj)
                0x00004ea8                nrfx_twi_enable
 .text.nrfx_twi_irq_handler
                0x00004eb8       0xb6 modules/hal_nordic/nrfx/libnrfx.a(nrfx_twi.c.obj)
                0x00004eb8                nrfx_twi_irq_handler
 .text.nrf_gpio_pin_set
                0x00004f6e       0x1a modules/hal_nordic/nrfx/libnrfx.a(nrfx_twi_twim.c.obj)
 .text.z_impl_k_busy_wait
                0x00004f88        0x8 zephyr/kernel/libkernel.a(busy_wait.c.obj)
                0x00004f88                z_impl_k_busy_wait
 .text.do_device_init
                0x00004f90       0x30 zephyr/kernel/libkernel.a(device.c.obj)
                0x00004f90                do_device_init
 .text.z_impl_device_is_ready
                0x00004fc0       0x16 zephyr/kernel/libkernel.a(device.c.obj)
                0x00004fc0                z_impl_device_is_ready
 .text.arch_system_halt
                0x00004fd6       0x10 zephyr/kernel/libkernel.a(fatal.c.obj)
                0x00004fd6                arch_system_halt
 .text.k_sys_fatal_error_handler
                0x00004fe6        0x6 zephyr/kernel/libkernel.a(fatal.c.obj)
                0x00004fe6                k_sys_fatal_error_handler
 .text.idle     0x00004fec       0x16 zephyr/kernel/libkernel.a(idle.c.obj)
                0x00004fec                idle
 .text.adjust_owner_prio.isra.0
                0x00005002       0x10 zephyr/kernel/libkernel.a(mutex.c.obj)
 .text.z_impl_k_mutex_init
                0x00005012        0xe zephyr/kernel/libkernel.a(mutex.c.obj)
                0x00005012                z_impl_k_mutex_init
 .text.z_impl_k_sem_init
                0x00005020       0x18 zephyr/kernel/libkernel.a(sem.c.obj)
                0x00005020                z_impl_k_sem_init
 .text.k_is_in_isr
                0x00005038        0xc zephyr/kernel/libkernel.a(thread.c.obj)
                0x00005038                k_is_in_isr
 .text.z_thread_abort
                0x00005044       0x3e zephyr/kernel/libkernel.a(thread.c.obj)
                0x00005044                z_thread_abort
 .text.z_impl_k_yield
                0x00005082        0x4 zephyr/kernel/libkernel.a(thread.c.obj)
                0x00005082                z_impl_k_yield
 .text.sys_dlist_remove
                0x00005086       0x10 zephyr/kernel/libkernel.a(sched.c.obj)
 .text.unpend_thread_no_timeout
                0x00005096       0x14 zephyr/kernel/libkernel.a(sched.c.obj)
 .text.add_to_waitq_locked
                0x000050aa       0x4c zephyr/kernel/libkernel.a(sched.c.obj)
 .text.z_ready_thread
                0x000050f6       0x1e zephyr/kernel/libkernel.a(sched.c.obj)
                0x000050f6                z_ready_thread
 .text.z_sched_ready_locked
                0x00005114        0x4 zephyr/kernel/libkernel.a(sched.c.obj)
                0x00005114                z_sched_ready_locked
 .text.z_sched_unready_locked
                0x00005118        0x4 zephyr/kernel/libkernel.a(sched.c.obj)
                0x00005118                z_sched_unready_locked
 .text.z_sched_wake_thread_locked
                0x0000511c       0x28 zephyr/kernel/libkernel.a(sched.c.obj)
                0x0000511c                z_sched_wake_thread_locked
 .text.z_thread_timeout
                0x00005144       0x20 zephyr/kernel/libkernel.a(sched.c.obj)
                0x00005144                z_thread_timeout
 .text.z_reschedule
                0x00005164        0x6 zephyr/kernel/libkernel.a(sched.c.obj)
                0x00005164                z_reschedule
 .text.z_impl_k_sleep
                0x0000516a       0x32 zephyr/kernel/libkernel.a(sleep.c.obj)
                0x0000516a                z_impl_k_sleep
 .text.next_timeout
                0x0000519c       0x2e zephyr/kernel/libkernel.a(timeout.c.obj)
 .text.sys_clock_tick_get_32
                0x000051ca        0x8 zephyr/kernel/libkernel.a(timeout.c.obj)
                0x000051ca                sys_clock_tick_get_32
 .text.memcpy   0x000051d2       0x1c C:/Users/user/zephyr-sdk-1.0.1/gnu/arm-zephyr-eabi/bin/../lib/gcc/arm-zephyr-eabi/14.3.0/../../../../arm-zephyr-eabi/lib/thumb/v7e-m/nofp/space\libc.a(memcpy.c.o)
                0x000051d2                __aeabi_memcpy
                0x000051d2                __aeabi_memcpy4
                0x000051d2                __aeabi_memcpy8
                0x000051d2                memcpy
 .text.memset   0x000051ee       0x10 C:/Users/user/zephyr-sdk-1.0.1/gnu/arm-zephyr-eabi/bin/../lib/gcc/arm-zephyr-eabi/14.3.0/../../../../arm-zephyr-eabi/lib/thumb/v7e-m/nofp/space\libc.a(memset.c.o)
                0x000051ee                memset
 .text.strncpy  0x000051fe       0x26 C:/Users/user/zephyr-sdk-1.0.1/gnu/arm-zephyr-eabi/bin/../lib/gcc/arm-zephyr-eabi/14.3.0/../../../../arm-zephyr-eabi/lib/thumb/v7e-m/nofp/space\libc.a(libc_string_strncpy.c.o)
                0x000051fe                strncpy
 .text.strnlen  0x00005224       0x18 C:/Users/user/zephyr-sdk-1.0.1/gnu/arm-zephyr-eabi/bin/../lib/gcc/arm-zephyr-eabi/14.3.0/../../../../arm-zephyr-eabi/lib/thumb/v7e-m/nofp/space\libc.a(libc_string_strnlen.c.o)
                0x00005224                strnlen
 .text.__ultoa_invert
                0x0000523c       0xae C:/Users/user/zephyr-sdk-1.0.1/gnu/arm-zephyr-eabi/bin/../lib/gcc/arm-zephyr-eabi/14.3.0/../../../../arm-zephyr-eabi/lib/thumb/v7e-m/nofp/space\libc.a(libc_tinystdio_vflprintf.c.o)
 *(SORT_BY_ALIGNMENT(.gnu.linkonce.t.*))
 *(SORT_BY_ALIGNMENT(.glue_7t))
 .glue_7t       0x000052ea        0x0 linker stubs
 *(SORT_BY_ALIGNMENT(.glue_7))
 .glue_7        0x000052ea        0x0 linker stubs
 *(SORT_BY_ALIGNMENT(.vfp11_veneer))
 .vfp11_veneer  0x000052ea        0x0 linker stubs
 *(SORT_BY_ALIGNMENT(.v4_bx))
 .v4_bx         0x000052ea        0x0 linker stubs
                0x000052ec                        . = ALIGN (0x4)
 *fill*         0x000052ea        0x2 
                0x000052ec                        __text_region_end = .

.ARM.exidx      0x000052ec        0x0
                0x000052ec                        __exidx_start = .
 *(SORT_BY_ALIGNMENT(.ARM.exidx*) SORT_BY_ALIGNMENT(gnu.linkonce.armexidx.*))
                0x000052ec                        __exidx_end = .
                0x000052ec                        __rodata_region_start = .

initlevel       0x000052ec       0x60
                0x000052ec                        __init_start = .
                0x000052ec                        __init_EARLY_start = .
 *(SORT_BY_NAME(SORT_BY_ALIGNMENT(.z_init_EARLY_P_?_*)))
 .z_init_EARLY_P_0_SUB_0_
                0x000052ec        0x8 zephyr/soc/soc/nrf52840/libsoc__nordic.a(gppi_init.c.obj)
 *(SORT_BY_NAME(SORT_BY_ALIGNMENT(.z_init_EARLY_P_??_*)))
 *(SORT_BY_NAME(SORT_BY_ALIGNMENT(.z_init_EARLY_P_???_*)))
                0x000052f4                        __init_PRE_KERNEL_1_start = .
 *(SORT_BY_NAME(SORT_BY_ALIGNMENT(.z_init_PRE_KERNEL_1_P_?_*)))
 .z_init_PRE_KERNEL_1_P_0_SUB_0_
                0x000052f4        0x8 zephyr/soc/soc/nrf52840/libsoc__nordic.a(soc.c.obj)
 *(SORT_BY_NAME(SORT_BY_ALIGNMENT(.z_init_PRE_KERNEL_1_P_??_*)))
 .z_init_PRE_KERNEL_1_P_30_SUB_00078_
                0x000052fc        0x8 zephyr/drivers/clock_control/libdrivers__clock_control.a(clock_control_nrf.c.obj)
 .z_init_PRE_KERNEL_1_P_40_SUB_00011_
                0x00005304        0x8 zephyr/drivers/gpio/libdrivers__gpio.a(gpio_nrfx.c.obj)
 .z_init_PRE_KERNEL_1_P_40_SUB_00108_
                0x0000530c        0x8 zephyr/drivers/gpio/libdrivers__gpio.a(gpio_nrfx.c.obj)
 .z_init_PRE_KERNEL_1_P_50_SUB_00116_
                0x00005314        0x8 zephyr/drivers/serial/libdrivers__serial.a(uart_nrfx_uarte.c.obj)
 .z_init_PRE_KERNEL_1_P_60_SUB_0_
                0x0000531c        0x8 zephyr/drivers/console/libdrivers__console.a(uart_console.c.obj)
 *(SORT_BY_NAME(SORT_BY_ALIGNMENT(.z_init_PRE_KERNEL_1_P_???_*)))
                0x00005324                        __init_PRE_KERNEL_2_start = .
 *(SORT_BY_NAME(SORT_BY_ALIGNMENT(.z_init_PRE_KERNEL_2_P_?_*)))
 .z_init_PRE_KERNEL_2_P_0_SUB_0_
                0x00005324        0x8 zephyr/drivers/timer/libdrivers__timer.a(nrf_rtc_timer.c.obj)
 *(SORT_BY_NAME(SORT_BY_ALIGNMENT(.z_init_PRE_KERNEL_2_P_??_*)))
 *(SORT_BY_NAME(SORT_BY_ALIGNMENT(.z_init_PRE_KERNEL_2_P_???_*)))
                0x0000532c                        __init_POST_KERNEL_start = .
 *(SORT_BY_NAME(SORT_BY_ALIGNMENT(.z_init_POST_KERNEL_P_?_*)))
 *(SORT_BY_NAME(SORT_BY_ALIGNMENT(.z_init_POST_KERNEL_P_??_*)))
 .z_init_POST_KERNEL_P_35_SUB_0_
                0x0000532c        0x8 zephyr/lib/libc/common/liblib__libc__common.a(malloc.c.obj)
 .z_init_POST_KERNEL_P_50_SUB_00089_
                0x00005334        0x8 zephyr/drivers/i2c/libdrivers__i2c.a(i2c_nrfx_twi.c.obj)
 .z_init_POST_KERNEL_P_90_SUB_00110_
                0x0000533c        0x8 zephyr/drivers/sensor/nordic/temp/libdrivers__sensor__nordic__temp.a(temp_nrf5.c.obj)
 *(SORT_BY_NAME(SORT_BY_ALIGNMENT(.z_init_POST_KERNEL_P_???_*)))
                0x00005344                        __init_APPLICATION_start = .
 *(SORT_BY_NAME(SORT_BY_ALIGNMENT(.z_init_APPLICATION_P_?_*)))
 .z_init_APPLICATION_P_0_SUB_0_
                0x00005344        0x8 zephyr/libzephyr.a(boot_banner.c.obj)
 *(SORT_BY_NAME(SORT_BY_ALIGNMENT(.z_init_APPLICATION_P_??_*)))
 *(SORT_BY_NAME(SORT_BY_ALIGNMENT(.z_init_APPLICATION_P_???_*)))
                0x0000534c                        __init_SMP_start = .
 *(SORT_BY_NAME(SORT_BY_ALIGNMENT(.z_init_SMP_P_?_*)))
 *(SORT_BY_NAME(SORT_BY_ALIGNMENT(.z_init_SMP_P_??_*)))
 *(SORT_BY_NAME(SORT_BY_ALIGNMENT(.z_init_SMP_P_???_*)))
                0x0000534c                        __init_end = .

device_area     0x0000534c       0xa8
                0x0000534c                        _device_list_start = .
 *(SORT_BY_NAME(SORT_BY_ALIGNMENT(._device.static.*_?_*)))
 *(SORT_BY_NAME(SORT_BY_ALIGNMENT(._device.static.*_??_*)))
 ._device.static.1_30_
                0x0000534c       0x1c zephyr/drivers/clock_control/libdrivers__clock_control.a(clock_control_nrf.c.obj)
                0x0000534c                __device_dts_ord_78
 ._device.static.1_40_
                0x00005368       0x38 zephyr/drivers/gpio/libdrivers__gpio.a(gpio_nrfx.c.obj)
                0x00005368                __device_dts_ord_108
                0x00005384                __device_dts_ord_11
 ._device.static.1_50_
                0x000053a0       0x1c zephyr/drivers/serial/libdrivers__serial.a(uart_nrfx_uarte.c.obj)
                0x000053a0                __device_dts_ord_116
 ._device.static.3_50_
                0x000053bc       0x1c zephyr/drivers/i2c/libdrivers__i2c.a(i2c_nrfx_twi.c.obj)
                0x000053bc                __device_dts_ord_89
 ._device.static.3_90_
                0x000053d8       0x1c zephyr/drivers/sensor/nordic/temp/libdrivers__sensor__nordic__temp.a(temp_nrf5.c.obj)
                0x000053d8                __device_dts_ord_110
 *(SORT_BY_NAME(SORT_BY_ALIGNMENT(._device.static.*_???_*)))
 *(SORT_BY_NAME(SORT_BY_ALIGNMENT(._device.static.*_????_*)))
 *(SORT_BY_NAME(SORT_BY_ALIGNMENT(._device.static.*_?????_*)))
                0x000053f4                        _device_list_end = .

sw_isr_table    0x000053f4      0x180
                0x000053f4                        . = ALIGN (0x4)
 *(SORT_BY_ALIGNMENT(.gnu.linkonce.sw_isr_table*))
 .gnu.linkonce.sw_isr_table
                0x000053f4      0x180 zephyr/arch/common/libisr_tables.a(isr_tables.c.obj)
                0x000053f4                _sw_isr_table

initlevel_error
 *(SORT_BY_NAME(SORT_BY_ALIGNMENT(.z_init_*)))
                0x00000001                        ASSERT ((SIZEOF (initlevel_error) == 0x0), Undefined initialization levels used.)

app_shmem_regions
                0x00005574        0x0
                0x00005574                        __app_shmem_regions_start = .
 *(SORT_BY_NAME(SORT_BY_ALIGNMENT(.app_regions.*)))
                0x00005574                        __app_shmem_regions_end = .

k_p4wq_initparam_area
                0x00005574        0x0
                0x00005574                        _k_p4wq_initparam_list_start = .
 *(SORT_BY_NAME(SORT_BY_ALIGNMENT(._k_p4wq_initparam.static.*)))
                0x00005574                        _k_p4wq_initparam_list_end = .

_static_thread_data_area
                0x00005574        0x0
                0x00005574                        __static_thread_data_list_start = .
 *(SORT_BY_NAME(SORT_BY_ALIGNMENT(.__static_thread_data.static.*)))
                0x00005574                        __static_thread_data_list_end = .

device_deps     0x00005574        0x0
                0x00005574                        __device_deps_start = .
 *(SORT_BY_NAME(SORT_BY_ALIGNMENT(.__device_deps_pass2*)))
                0x00005574                        __device_deps_end = .

device_api_area
                0x00005574       0x80
                0x00005574                        _gpio_driver_api_list_start = .
 *(SORT_BY_NAME(SORT_BY_ALIGNMENT(._gpio_driver_api.static.*)))
 ._gpio_driver_api.static.gpio_nrfx_drv_api_funcs_
                0x00005574       0x24 zephyr/drivers/gpio/libdrivers__gpio.a(gpio_nrfx.c.obj)
                0x00005598                        _gpio_driver_api_list_end = .
                0x00005598                        _gpio_driver_api_ext_end = .
                0x00005598                        _i2c_driver_api_list_start = .
 *(SORT_BY_NAME(SORT_BY_ALIGNMENT(._i2c_driver_api.static.*)))
 ._i2c_driver_api.static.i2c_nrfx_twi_driver_api_
                0x00005598       0x18 zephyr/drivers/i2c/libdrivers__i2c.a(i2c_nrfx_twi.c.obj)
                0x000055b0                        _i2c_driver_api_list_end = .
                0x000055b0                        _i3c_driver_api_list_start = .
 *(SORT_BY_NAME(SORT_BY_ALIGNMENT(._i3c_driver_api.static.*)))
                0x000055b0                        _i3c_driver_api_list_end = .
                0x000055b0                        _i3c_driver_api_ext_end = .
                0x000055b0                        _i2c_driver_api_ext_end = .
                0x000055b0                        _i2c_target_driver_api_list_start = .
 *(SORT_BY_NAME(SORT_BY_ALIGNMENT(._i2c_target_driver_api.static.*)))
                0x000055b0                        _i2c_target_driver_api_list_end = .
                0x000055b0                        _i2c_target_driver_api_ext_end = .
                0x000055b0                        _sensor_driver_api_list_start = .
 *(SORT_BY_NAME(SORT_BY_ALIGNMENT(._sensor_driver_api.static.*)))
 ._sensor_driver_api.static.temp_nrf5_driver_api_
                0x000055b0       0x1c zephyr/drivers/sensor/nordic/temp/libdrivers__sensor__nordic__temp.a(temp_nrf5.c.obj)
                0x000055cc                        _sensor_driver_api_list_end = .
                0x000055cc                        _sensor_driver_api_ext_end = .
                0x000055cc                        _shared_irq_driver_api_list_start = .
 *(SORT_BY_NAME(SORT_BY_ALIGNMENT(._shared_irq_driver_api.static.*)))
                0x000055cc                        _shared_irq_driver_api_list_end = .
                0x000055cc                        _shared_irq_driver_api_ext_end = .
                0x000055cc                        _dmic_driver_api_list_start = .
 *(SORT_BY_NAME(SORT_BY_ALIGNMENT(._dmic_driver_api.static.*)))
                0x000055cc                        _dmic_driver_api_list_end = .
                0x000055cc                        _dmic_driver_api_ext_end = .
                0x000055cc                        _crypto_driver_api_list_start = .
 *(SORT_BY_NAME(SORT_BY_ALIGNMENT(._crypto_driver_api.static.*)))
                0x000055cc                        _crypto_driver_api_list_end = .
                0x000055cc                        _crypto_driver_api_ext_end = .
                0x000055cc                        _adc_driver_api_list_start = .
 *(SORT_BY_NAME(SORT_BY_ALIGNMENT(._adc_driver_api.static.*)))
                0x000055cc                        _adc_driver_api_list_end = .
                0x000055cc                        _adc_driver_api_ext_end = .
                0x000055cc                        _auxdisplay_driver_api_list_start = .
 *(SORT_BY_NAME(SORT_BY_ALIGNMENT(._auxdisplay_driver_api.static.*)))
                0x000055cc                        _auxdisplay_driver_api_list_end = .
                0x000055cc                        _auxdisplay_driver_api_ext_end = .
                0x000055cc                        _bbram_driver_api_list_start = .
 *(SORT_BY_NAME(SORT_BY_ALIGNMENT(._bbram_driver_api.static.*)))
                0x000055cc                        _bbram_driver_api_list_end = .
                0x000055cc                        _bbram_driver_api_ext_end = .
                0x000055cc                        _biometric_driver_api_list_start = .
 *(SORT_BY_NAME(SORT_BY_ALIGNMENT(._biometric_driver_api.static.*)))
                0x000055cc                        _biometric_driver_api_list_end = .
                0x000055cc                        _biometric_driver_api_ext_end = .
                0x000055cc                        _bt_hci_driver_api_list_start = .
 *(SORT_BY_NAME(SORT_BY_ALIGNMENT(._bt_hci_driver_api.static.*)))
                0x000055cc                        _bt_hci_driver_api_list_end = .
                0x000055cc                        _bt_hci_driver_api_ext_end = .
                0x000055cc                        _can_driver_api_list_start = .
 *(SORT_BY_NAME(SORT_BY_ALIGNMENT(._can_driver_api.static.*)))
                0x000055cc                        _can_driver_api_list_end = .
                0x000055cc                        _can_driver_api_ext_end = .
                0x000055cc                        _cellular_driver_api_list_start = .
 *(SORT_BY_NAME(SORT_BY_ALIGNMENT(._cellular_driver_api.static.*)))
                0x000055cc                        _cellular_driver_api_list_end = .
                0x000055cc                        _cellular_driver_api_ext_end = .
                0x000055cc                        _charger_driver_api_list_start = .
 *(SORT_BY_NAME(SORT_BY_ALIGNMENT(._charger_driver_api.static.*)))
                0x000055cc                        _charger_driver_api_list_end = .
                0x000055cc                        _charger_driver_api_ext_end = .
                0x000055cc                        _clock_control_driver_api_list_start = .
 *(SORT_BY_NAME(SORT_BY_ALIGNMENT(._clock_control_driver_api.static.*)))
 ._clock_control_driver_api.static.clock_control_api_
                0x000055cc       0x1c zephyr/drivers/clock_control/libdrivers__clock_control.a(clock_control_nrf.c.obj)
                0x000055e8                        _clock_control_driver_api_list_end = .
                0x000055e8                        _nrf_clock_control_driver_api_list_start = .
 *(SORT_BY_NAME(SORT_BY_ALIGNMENT(._nrf_clock_control_driver_api.static.*)))
                0x000055e8                        _nrf_clock_control_driver_api_list_end = .
                0x000055e8                        _nrf_clock_control_driver_api_ext_end = .
                0x000055e8                        _clock_control_driver_api_ext_end = .
                0x000055e8                        _comparator_driver_api_list_start = .
 *(SORT_BY_NAME(SORT_BY_ALIGNMENT(._comparator_driver_api.static.*)))
                0x000055e8                        _comparator_driver_api_list_end = .
                0x000055e8                        _comparator_driver_api_ext_end = .
                0x000055e8                        _coredump_driver_api_list_start = .
 *(SORT_BY_NAME(SORT_BY_ALIGNMENT(._coredump_driver_api.static.*)))
                0x000055e8                        _coredump_driver_api_list_end = .
                0x000055e8                        _coredump_driver_api_ext_end = .
                0x000055e8                        _counter_driver_api_list_start = .
 *(SORT_BY_NAME(SORT_BY_ALIGNMENT(._counter_driver_api.static.*)))
                0x000055e8                        _counter_driver_api_list_end = .
                0x000055e8                        _counter_driver_api_ext_end = .
                0x000055e8                        _crc_driver_api_list_start = .
 *(SORT_BY_NAME(SORT_BY_ALIGNMENT(._crc_driver_api.static.*)))
                0x000055e8                        _crc_driver_api_list_end = .
                0x000055e8                        _crc_driver_api_ext_end = .
                0x000055e8                        _dac_driver_api_list_start = .
 *(SORT_BY_NAME(SORT_BY_ALIGNMENT(._dac_driver_api.static.*)))
                0x000055e8                        _dac_driver_api_list_end = .
                0x000055e8                        _dac_driver_api_ext_end = .
                0x000055e8                        _dai_driver_api_list_start = .
 *(SORT_BY_NAME(SORT_BY_ALIGNMENT(._dai_driver_api.static.*)))
                0x000055e8                        _dai_driver_api_list_end = .
                0x000055e8                        _dai_driver_api_ext_end = .
                0x000055e8                        _display_driver_api_list_start = .
 *(SORT_BY_NAME(SORT_BY_ALIGNMENT(._display_driver_api.static.*)))
                0x000055e8                        _display_driver_api_list_end = .
                0x000055e8                        _display_driver_api_ext_end = .
                0x000055e8                        _dma_driver_api_list_start = .
 *(SORT_BY_NAME(SORT_BY_ALIGNMENT(._dma_driver_api.static.*)))
                0x000055e8                        _dma_driver_api_list_end = .
                0x000055e8                        _dma_driver_api_ext_end = .
                0x000055e8                        _edac_driver_api_list_start = .
 *(SORT_BY_NAME(SORT_BY_ALIGNMENT(._edac_driver_api.static.*)))
                0x000055e8                        _edac_driver_api_list_end = .
                0x000055e8                        _edac_driver_api_ext_end = .
                0x000055e8                        _eeprom_driver_api_list_start = .
 *(SORT_BY_NAME(SORT_BY_ALIGNMENT(._eeprom_driver_api.static.*)))
                0x000055e8                        _eeprom_driver_api_list_end = .
                0x000055e8                        _eeprom_driver_api_ext_end = .
                0x000055e8                        _emul_bbram_driver_api_list_start = .
 *(SORT_BY_NAME(SORT_BY_ALIGNMENT(._emul_bbram_driver_api.static.*)))
                0x000055e8                        _emul_bbram_driver_api_list_end = .
                0x000055e8                        _emul_bbram_driver_api_ext_end = .
                0x000055e8                        _fuel_gauge_emul_driver_api_list_start = .
 *(SORT_BY_NAME(SORT_BY_ALIGNMENT(._fuel_gauge_emul_driver_api.static.*)))
                0x000055e8                        _fuel_gauge_emul_driver_api_list_end = .
                0x000055e8                        _fuel_gauge_emul_driver_api_ext_end = .
                0x000055e8                        _emul_sensor_driver_api_list_start = .
 *(SORT_BY_NAME(SORT_BY_ALIGNMENT(._emul_sensor_driver_api.static.*)))
                0x000055e8                        _emul_sensor_driver_api_list_end = .
                0x000055e8                        _emul_sensor_driver_api_ext_end = .
                0x000055e8                        _entropy_driver_api_list_start = .
 *(SORT_BY_NAME(SORT_BY_ALIGNMENT(._entropy_driver_api.static.*)))
                0x000055e8                        _entropy_driver_api_list_end = .
                0x000055e8                        _entropy_driver_api_ext_end = .
                0x000055e8                        _espi_driver_api_list_start = .
 *(SORT_BY_NAME(SORT_BY_ALIGNMENT(._espi_driver_api.static.*)))
                0x000055e8                        _espi_driver_api_list_end = .
                0x000055e8                        _espi_driver_api_ext_end = .
                0x000055e8                        _espi_saf_driver_api_list_start = .
 *(SORT_BY_NAME(SORT_BY_ALIGNMENT(._espi_saf_driver_api.static.*)))
                0x000055e8                        _espi_saf_driver_api_list_end = .
                0x000055e8                        _espi_saf_driver_api_ext_end = .
                0x000055e8                        _flash_driver_api_list_start = .
 *(SORT_BY_NAME(SORT_BY_ALIGNMENT(._flash_driver_api.static.*)))
                0x000055e8                        _flash_driver_api_list_end = .
                0x000055e8                        _flash_driver_api_ext_end = .
                0x000055e8                        _fpga_driver_api_list_start = .
 *(SORT_BY_NAME(SORT_BY_ALIGNMENT(._fpga_driver_api.static.*)))
                0x000055e8                        _fpga_driver_api_list_end = .
                0x000055e8                        _fpga_driver_api_ext_end = .
                0x000055e8                        _fuel_gauge_driver_api_list_start = .
 *(SORT_BY_NAME(SORT_BY_ALIGNMENT(._fuel_gauge_driver_api.static.*)))
                0x000055e8                        _fuel_gauge_driver_api_list_end = .
                0x000055e8                        _fuel_gauge_driver_api_ext_end = .
                0x000055e8                        _gnss_driver_api_list_start = .
 *(SORT_BY_NAME(SORT_BY_ALIGNMENT(._gnss_driver_api.static.*)))
                0x000055e8                        _gnss_driver_api_list_end = .
                0x000055e8                        _gnss_driver_api_ext_end = .
                0x000055e8                        _haptics_driver_api_list_start = .
 *(SORT_BY_NAME(SORT_BY_ALIGNMENT(._haptics_driver_api.static.*)))
                0x000055e8                        _haptics_driver_api_list_end = .
                0x000055e8                        _haptics_driver_api_ext_end = .
                0x000055e8                        _hwspinlock_driver_api_list_start = .
 *(SORT_BY_NAME(SORT_BY_ALIGNMENT(._hwspinlock_driver_api.static.*)))
                0x000055e8                        _hwspinlock_driver_api_list_end = .
                0x000055e8                        _hwspinlock_driver_api_ext_end = .
                0x000055e8                        _i2s_driver_api_list_start = .
 *(SORT_BY_NAME(SORT_BY_ALIGNMENT(._i2s_driver_api.static.*)))
                0x000055e8                        _i2s_driver_api_list_end = .
                0x000055e8                        _i2s_driver_api_ext_end = .
                0x000055e8                        _ipm_driver_api_list_start = .
 *(SORT_BY_NAME(SORT_BY_ALIGNMENT(._ipm_driver_api.static.*)))
                0x000055e8                        _ipm_driver_api_list_end = .
                0x000055e8                        _ipm_driver_api_ext_end = .
                0x000055e8                        _led_driver_api_list_start = .
 *(SORT_BY_NAME(SORT_BY_ALIGNMENT(._led_driver_api.static.*)))
                0x000055e8                        _led_driver_api_list_end = .
                0x000055e8                        _led_driver_api_ext_end = .
                0x000055e8                        _led_strip_driver_api_list_start = .
 *(SORT_BY_NAME(SORT_BY_ALIGNMENT(._led_strip_driver_api.static.*)))
                0x000055e8                        _led_strip_driver_api_list_end = .
                0x000055e8                        _led_strip_driver_api_ext_end = .
                0x000055e8                        _lora_driver_api_list_start = .
 *(SORT_BY_NAME(SORT_BY_ALIGNMENT(._lora_driver_api.static.*)))
                0x000055e8                        _lora_driver_api_list_end = .
                0x000055e8                        _lora_driver_api_ext_end = .
                0x000055e8                        _mbox_driver_api_list_start = .
 *(SORT_BY_NAME(SORT_BY_ALIGNMENT(._mbox_driver_api.static.*)))
                0x000055e8                        _mbox_driver_api_list_end = .
                0x000055e8                        _mbox_driver_api_ext_end = .
                0x000055e8                        _mdio_driver_api_list_start = .
 *(SORT_BY_NAME(SORT_BY_ALIGNMENT(._mdio_driver_api.static.*)))
                0x000055e8                        _mdio_driver_api_list_end = .
                0x000055e8                        _mdio_driver_api_ext_end = .
                0x000055e8                        _mipi_dbi_driver_api_list_start = .
 *(SORT_BY_NAME(SORT_BY_ALIGNMENT(._mipi_dbi_driver_api.static.*)))
                0x000055e8                        _mipi_dbi_driver_api_list_end = .
                0x000055e8                        _mipi_dbi_driver_api_ext_end = .
                0x000055e8                        _mipi_dsi_driver_api_list_start = .
 *(SORT_BY_NAME(SORT_BY_ALIGNMENT(._mipi_dsi_driver_api.static.*)))
                0x000055e8                        _mipi_dsi_driver_api_list_end = .
                0x000055e8                        _mipi_dsi_driver_api_ext_end = .
                0x000055e8                        _mspi_driver_api_list_start = .
 *(SORT_BY_NAME(SORT_BY_ALIGNMENT(._mspi_driver_api.static.*)))
                0x000055e8                        _mspi_driver_api_list_end = .
                0x000055e8                        _mspi_driver_api_ext_end = .
                0x000055e8                        _opamp_driver_api_list_start = .
 *(SORT_BY_NAME(SORT_BY_ALIGNMENT(._opamp_driver_api.static.*)))
                0x000055e8                        _opamp_driver_api_list_end = .
                0x000055e8                        _opamp_driver_api_ext_end = .
                0x000055e8                        _otp_driver_api_list_start = .
 *(SORT_BY_NAME(SORT_BY_ALIGNMENT(._otp_driver_api.static.*)))
                0x000055e8                        _otp_driver_api_list_end = .
                0x000055e8                        _otp_driver_api_ext_end = .
                0x000055e8                        _peci_driver_api_list_start = .
 *(SORT_BY_NAME(SORT_BY_ALIGNMENT(._peci_driver_api.static.*)))
                0x000055e8                        _peci_driver_api_list_end = .
                0x000055e8                        _peci_driver_api_ext_end = .
                0x000055e8                        _ps2_driver_api_list_start = .
 *(SORT_BY_NAME(SORT_BY_ALIGNMENT(._ps2_driver_api.static.*)))
                0x000055e8                        _ps2_driver_api_list_end = .
                0x000055e8                        _ps2_driver_api_ext_end = .
                0x000055e8                        _ptp_clock_driver_api_list_start = .
 *(SORT_BY_NAME(SORT_BY_ALIGNMENT(._ptp_clock_driver_api.static.*)))
                0x000055e8                        _ptp_clock_driver_api_list_end = .
                0x000055e8                        _ptp_clock_driver_api_ext_end = .
                0x000055e8                        _pwm_driver_api_list_start = .
 *(SORT_BY_NAME(SORT_BY_ALIGNMENT(._pwm_driver_api.static.*)))
                0x000055e8                        _pwm_driver_api_list_end = .
                0x000055e8                        _pwm_driver_api_ext_end = .
                0x000055e8                        _regulator_parent_driver_api_list_start = .
 *(SORT_BY_NAME(SORT_BY_ALIGNMENT(._regulator_parent_driver_api.static.*)))
                0x000055e8                        _regulator_parent_driver_api_list_end = .
                0x000055e8                        _regulator_parent_driver_api_ext_end = .
                0x000055e8                        _regulator_driver_api_list_start = .
 *(SORT_BY_NAME(SORT_BY_ALIGNMENT(._regulator_driver_api.static.*)))
                0x000055e8                        _regulator_driver_api_list_end = .
                0x000055e8                        _regulator_driver_api_ext_end = .
                0x000055e8                        _reset_driver_api_list_start = .
 *(SORT_BY_NAME(SORT_BY_ALIGNMENT(._reset_driver_api.static.*)))
                0x000055e8                        _reset_driver_api_list_end = .
                0x000055e8                        _reset_driver_api_ext_end = .
                0x000055e8                        _retained_mem_driver_api_list_start = .
 *(SORT_BY_NAME(SORT_BY_ALIGNMENT(._retained_mem_driver_api.static.*)))
                0x000055e8                        _retained_mem_driver_api_list_end = .
                0x000055e8                        _retained_mem_driver_api_ext_end = .
                0x000055e8                        _rtc_driver_api_list_start = .
 *(SORT_BY_NAME(SORT_BY_ALIGNMENT(._rtc_driver_api.static.*)))
                0x000055e8                        _rtc_driver_api_list_end = .
                0x000055e8                        _rtc_driver_api_ext_end = .
                0x000055e8                        _sdhc_driver_api_list_start = .
 *(SORT_BY_NAME(SORT_BY_ALIGNMENT(._sdhc_driver_api.static.*)))
                0x000055e8                        _sdhc_driver_api_list_end = .
                0x000055e8                        _sdhc_driver_api_ext_end = .
                0x000055e8                        _smbus_driver_api_list_start = .
 *(SORT_BY_NAME(SORT_BY_ALIGNMENT(._smbus_driver_api.static.*)))
                0x000055e8                        _smbus_driver_api_list_end = .
                0x000055e8                        _smbus_driver_api_ext_end = .
                0x000055e8                        _spi_driver_api_list_start = .
 *(SORT_BY_NAME(SORT_BY_ALIGNMENT(._spi_driver_api.static.*)))
                0x000055e8                        _spi_driver_api_list_end = .
                0x000055e8                        _spi_driver_api_ext_end = .
                0x000055e8                        _syscon_driver_api_list_start = .
 *(SORT_BY_NAME(SORT_BY_ALIGNMENT(._syscon_driver_api.static.*)))
                0x000055e8                        _syscon_driver_api_list_end = .
                0x000055e8                        _syscon_driver_api_ext_end = .
                0x000055e8                        _tee_driver_api_list_start = .
 *(SORT_BY_NAME(SORT_BY_ALIGNMENT(._tee_driver_api.static.*)))
                0x000055e8                        _tee_driver_api_list_end = .
                0x000055e8                        _tee_driver_api_ext_end = .
                0x000055e8                        _tgpio_driver_api_list_start = .
 *(SORT_BY_NAME(SORT_BY_ALIGNMENT(._tgpio_driver_api.static.*)))
                0x000055e8                        _tgpio_driver_api_list_end = .
                0x000055e8                        _tgpio_driver_api_ext_end = .
                0x000055e8                        _uaol_driver_api_list_start = .
 *(SORT_BY_NAME(SORT_BY_ALIGNMENT(._uaol_driver_api.static.*)))
                0x000055e8                        _uaol_driver_api_list_end = .
                0x000055e8                        _uaol_driver_api_ext_end = .
                0x000055e8                        _video_driver_api_list_start = .
 *(SORT_BY_NAME(SORT_BY_ALIGNMENT(._video_driver_api.static.*)))
                0x000055e8                        _video_driver_api_list_end = .
                0x000055e8                        _video_driver_api_ext_end = .
                0x000055e8                        _virtio_driver_api_list_start = .
 *(SORT_BY_NAME(SORT_BY_ALIGNMENT(._virtio_driver_api.static.*)))
                0x000055e8                        _virtio_driver_api_list_end = .
                0x000055e8                        _virtio_driver_api_ext_end = .
                0x000055e8                        _w1_driver_api_list_start = .
 *(SORT_BY_NAME(SORT_BY_ALIGNMENT(._w1_driver_api.static.*)))
                0x000055e8                        _w1_driver_api_list_end = .
                0x000055e8                        _w1_driver_api_ext_end = .
                0x000055e8                        _wdt_driver_api_list_start = .
 *(SORT_BY_NAME(SORT_BY_ALIGNMENT(._wdt_driver_api.static.*)))
                0x000055e8                        _wdt_driver_api_list_end = .
                0x000055e8                        _wdt_driver_api_ext_end = .
                0x000055e8                        _wuc_driver_api_list_start = .
 *(SORT_BY_NAME(SORT_BY_ALIGNMENT(._wuc_driver_api.static.*)))
                0x000055e8                        _wuc_driver_api_list_end = .
                0x000055e8                        _wuc_driver_api_ext_end = .
                0x000055e8                        _can_transceiver_driver_api_list_start = .
 *(SORT_BY_NAME(SORT_BY_ALIGNMENT(._can_transceiver_driver_api.static.*)))
                0x000055e8                        _can_transceiver_driver_api_list_end = .
                0x000055e8                        _can_transceiver_driver_api_ext_end = .
                0x000055e8                        _i3c_target_driver_api_list_start = .
 *(SORT_BY_NAME(SORT_BY_ALIGNMENT(._i3c_target_driver_api.static.*)))
                0x000055e8                        _i3c_target_driver_api_list_end = .
                0x000055e8                        _i3c_target_driver_api_ext_end = .
                0x000055e8                        _its_driver_api_list_start = .
 *(SORT_BY_NAME(SORT_BY_ALIGNMENT(._its_driver_api.static.*)))
                0x000055e8                        _its_driver_api_list_end = .
                0x000055e8                        _its_driver_api_ext_end = .
                0x000055e8                        _vtd_driver_api_list_start = .
 *(SORT_BY_NAME(SORT_BY_ALIGNMENT(._vtd_driver_api.static.*)))
                0x000055e8                        _vtd_driver_api_list_end = .
                0x000055e8                        _vtd_driver_api_ext_end = .
                0x000055e8                        _renesas_elc_driver_api_list_start = .
 *(SORT_BY_NAME(SORT_BY_ALIGNMENT(._renesas_elc_driver_api.static.*)))
                0x000055e8                        _renesas_elc_driver_api_list_end = .
                0x000055e8                        _renesas_elc_driver_api_ext_end = .
                0x000055e8                        _pcie_ctrl_driver_api_list_start = .
 *(SORT_BY_NAME(SORT_BY_ALIGNMENT(._pcie_ctrl_driver_api.static.*)))
                0x000055e8                        _pcie_ctrl_driver_api_list_end = .
                0x000055e8                        _pcie_ctrl_driver_api_ext_end = .
                0x000055e8                        _pcie_ep_driver_api_list_start = .
 *(SORT_BY_NAME(SORT_BY_ALIGNMENT(._pcie_ep_driver_api.static.*)))
                0x000055e8                        _pcie_ep_driver_api_list_end = .
                0x000055e8                        _pcie_ep_driver_api_ext_end = .
                0x000055e8                        _psi5_driver_api_list_start = .
 *(SORT_BY_NAME(SORT_BY_ALIGNMENT(._psi5_driver_api.static.*)))
                0x000055e8                        _psi5_driver_api_list_end = .
                0x000055e8                        _psi5_driver_api_ext_end = .
                0x000055e8                        _sent_driver_api_list_start = .
 *(SORT_BY_NAME(SORT_BY_ALIGNMENT(._sent_driver_api.static.*)))
                0x000055e8                        _sent_driver_api_list_end = .
                0x000055e8                        _sent_driver_api_ext_end = .
                0x000055e8                        _svc_driver_api_list_start = .
 *(SORT_BY_NAME(SORT_BY_ALIGNMENT(._svc_driver_api.static.*)))
                0x000055e8                        _svc_driver_api_list_end = .
                0x000055e8                        _svc_driver_api_ext_end = .
                0x000055e8                        _stepper_driver_api_list_start = .
 *(SORT_BY_NAME(SORT_BY_ALIGNMENT(._stepper_driver_api.static.*)))
                0x000055e8                        _stepper_driver_api_list_end = .
                0x000055e8                        _stepper_driver_api_ext_end = .
                0x000055e8                        _stepper_ctrl_driver_api_list_start = .
 *(SORT_BY_NAME(SORT_BY_ALIGNMENT(._stepper_ctrl_driver_api.static.*)))
                0x000055e8                        _stepper_ctrl_driver_api_list_end = .
                0x000055e8                        _stepper_ctrl_driver_api_ext_end = .
                0x000055e8                        _uart_driver_api_list_start = .
 *(SORT_BY_NAME(SORT_BY_ALIGNMENT(._uart_driver_api.static.*)))
 ._uart_driver_api.static.uart_nrfx_uarte_driver_api_
                0x000055e8        0xc zephyr/drivers/serial/libdrivers__serial.a(uart_nrfx_uarte.c.obj)
                0x000055f4                        _uart_driver_api_list_end = .
                0x000055f4                        _uart_driver_api_ext_end = .
                0x000055f4                        _bc12_emul_driver_api_list_start = .
 *(SORT_BY_NAME(SORT_BY_ALIGNMENT(._bc12_emul_driver_api.static.*)))
                0x000055f4                        _bc12_emul_driver_api_list_end = .
                0x000055f4                        _bc12_emul_driver_api_ext_end = .
                0x000055f4                        _bc12_driver_api_list_start = .
 *(SORT_BY_NAME(SORT_BY_ALIGNMENT(._bc12_driver_api.static.*)))
                0x000055f4                        _bc12_driver_api_list_end = .
                0x000055f4                        _bc12_driver_api_ext_end = .
                0x000055f4                        _usbc_ppc_driver_api_list_start = .
 *(SORT_BY_NAME(SORT_BY_ALIGNMENT(._usbc_ppc_driver_api.static.*)))
                0x000055f4                        _usbc_ppc_driver_api_list_end = .
                0x000055f4                        _usbc_ppc_driver_api_ext_end = .
                0x000055f4                        _tcpc_driver_api_list_start = .
 *(SORT_BY_NAME(SORT_BY_ALIGNMENT(._tcpc_driver_api.static.*)))
                0x000055f4                        _tcpc_driver_api_list_end = .
                0x000055f4                        _tcpc_driver_api_ext_end = .
                0x000055f4                        _usbc_vbus_driver_api_list_start = .
 *(SORT_BY_NAME(SORT_BY_ALIGNMENT(._usbc_vbus_driver_api.static.*)))
                0x000055f4                        _usbc_vbus_driver_api_list_end = .
                0x000055f4                        _usbc_vbus_driver_api_ext_end = .
                0x000055f4                        _ivshmem_driver_api_list_start = .
 *(SORT_BY_NAME(SORT_BY_ALIGNMENT(._ivshmem_driver_api.static.*)))
                0x000055f4                        _ivshmem_driver_api_list_end = .
                0x000055f4                        _ivshmem_driver_api_ext_end = .
                0x000055f4                        _ethphy_driver_api_list_start = .
 *(SORT_BY_NAME(SORT_BY_ALIGNMENT(._ethphy_driver_api.static.*)))
                0x000055f4                        _ethphy_driver_api_list_end = .
                0x000055f4                        _ethphy_driver_api_ext_end = .

ztest           0x000055f4        0x0
                0x000055f4                        _ztest_expected_result_entry_list_start = .
 *(SORT_BY_NAME(SORT_BY_ALIGNMENT(._ztest_expected_result_entry.static.*)))
                0x000055f4                        _ztest_expected_result_entry_list_end = .
                0x000055f4                        _ztest_suite_node_list_start = .
 *(SORT_BY_NAME(SORT_BY_ALIGNMENT(._ztest_suite_node.static.*)))
                0x000055f4                        _ztest_suite_node_list_end = .
                0x000055f4                        _ztest_unit_test_list_start = .
 *(SORT_BY_NAME(SORT_BY_ALIGNMENT(._ztest_unit_test.static.*)))
                0x000055f4                        _ztest_unit_test_list_end = .
                0x000055f4                        _ztest_test_rule_list_start = .
 *(SORT_BY_NAME(SORT_BY_ALIGNMENT(._ztest_test_rule.static.*)))
                0x000055f4                        _ztest_test_rule_list_end = .

init_array      0x000055f4        0x0
                0x000055f4                        __zephyr_init_array_start = .
 *(SORT_BY_INIT_PRIORITY(.init_array.*) SORT_BY_INIT_PRIORITY(.ctors.*))
 *(SORT_BY_ALIGNMENT(.init_array) SORT_BY_ALIGNMENT(.ctors))
                0x000055f4                        __zephyr_init_array_end = .
                0x00000001                        ASSERT ((__zephyr_init_array_start == __zephyr_init_array_end), GNU-style constructors required but STATIC_INIT_GNU not enabled)

bt_l2cap_fixed_chan_area
                0x000055f4        0x0
                0x000055f4                        _bt_l2cap_fixed_chan_list_start = .
 *(SORT_BY_NAME(SORT_BY_ALIGNMENT(._bt_l2cap_fixed_chan.static.*)))
                0x000055f4                        _bt_l2cap_fixed_chan_list_end = .

bt_gatt_service_static_area
                0x000055f4        0x0
                0x000055f4                        _bt_gatt_service_static_list_start = .
 *(SORT_BY_NAME(SORT_BY_ALIGNMENT(._bt_gatt_service_static.static.*)))
                0x000055f4                        _bt_gatt_service_static_list_end = .

log_strings_area
                0x000055f4        0x0
                0x000055f4                        _log_strings_list_start = .
 *(SORT_BY_NAME(SORT_BY_ALIGNMENT(._log_strings.static.*)))
                0x000055f4                        _log_strings_list_end = .

log_stmesp_ptr_area
                0x000055f4        0x0
                0x000055f4                        _log_stmesp_ptr_list_start = .
 *(SORT_BY_NAME(SORT_BY_ALIGNMENT(._log_stmesp_ptr.static.*)))
                0x000055f4                        _log_stmesp_ptr_list_end = .

log_stmesp_str_area
                0x000055f4        0x0
                0x000055f4                        _log_stmesp_str_list_start = .
 *(SORT_BY_NAME(SORT_BY_ALIGNMENT(._log_stmesp_str.static.*)))
                0x000055f4                        _log_stmesp_str_list_end = .

log_const_area  0x000055f4        0x0
                0x000055f4                        _log_const_list_start = .
 *(SORT_BY_NAME(SORT_BY_ALIGNMENT(._log_const.static.*)))
                0x000055f4                        _log_const_list_end = .

log_backend_area
                0x000055f4        0x0
                0x000055f4                        _log_backend_list_start = .
 *(SORT_BY_NAME(SORT_BY_ALIGNMENT(._log_backend.static.*)))
                0x000055f4                        _log_backend_list_end = .

log_link_area   0x000055f4        0x0
                0x000055f4                        _log_link_list_start = .
 *(SORT_BY_NAME(SORT_BY_ALIGNMENT(._log_link.static.*)))
                0x000055f4                        _log_link_list_end = .

tracing_backend_area
                0x000055f4        0x0
                0x000055f4                        _tracing_backend_list_start = .
 *(SORT_BY_NAME(SORT_BY_ALIGNMENT(._tracing_backend.static.*)))
                0x000055f4                        _tracing_backend_list_end = .

zephyr_dbg_info
                0x000055f4       0x44
 *(SORT_BY_ALIGNMENT(.dbg_thread_info))
 .dbg_thread_info
                0x000055f4       0x44 zephyr/libzephyr.a(thread_info.c.obj)
                0x000055f4                _kernel_openocd_size_t_size
                0x000055f4                _kernel_thread_info_size_t_size
                0x000055f8                _kernel_openocd_num_offsets
                0x000055f8                _kernel_thread_info_num_offsets
                0x000055fc                _kernel_openocd_offsets
                0x000055fc                _kernel_thread_info_offsets

intc_table_area
                0x00005638        0x0
                0x00005638                        _intc_table_list_start = .
 *(SORT_BY_NAME(SORT_BY_ALIGNMENT(._intc_table.static.*)))
                0x00005638                        _intc_table_list_end = .

symbol_to_keep  0x00005638        0x0
                0x00005638                        __symbol_to_keep_start = .
 *(SORT_BY_NAME(SORT_BY_ALIGNMENT(.symbol_to_keep*)))
                0x00005638                        __symbol_to_keep_end = .

shell_area      0x00005638        0x0
                0x00005638                        _shell_list_start = .
 *(SORT_BY_NAME(SORT_BY_ALIGNMENT(._shell.static.*)))
                0x00005638                        _shell_list_end = .

shell_root_cmds_area
                0x00005638        0x0
                0x00005638                        _shell_root_cmds_list_start = .
 *(SORT_BY_NAME(SORT_BY_ALIGNMENT(._shell_root_cmds.static.*)))
                0x00005638                        _shell_root_cmds_list_end = .

shell_subcmds_area
                0x00005638        0x0
                0x00005638                        _shell_subcmds_list_start = .
 *(SORT_BY_NAME(SORT_BY_ALIGNMENT(._shell_subcmds.static.*)))
                0x00005638                        _shell_subcmds_list_end = .

shell_dynamic_subcmds_area
                0x00005638        0x0
                0x00005638                        _shell_dynamic_subcmds_list_start = .
 *(SORT_BY_NAME(SORT_BY_ALIGNMENT(._shell_dynamic_subcmds.static.*)))
                0x00005638                        _shell_dynamic_subcmds_list_end = .

shell_remote_area
                0x00005638        0x0
                0x00005638                        _shell_remote_list_start = .
 *(SORT_BY_NAME(SORT_BY_ALIGNMENT(._shell_remote.static.*)))
                0x00005638                        _shell_remote_list_end = .

cfb_font_area   0x00005638        0x0
                0x00005638                        _cfb_font_list_start = .
 *(SORT_BY_NAME(SORT_BY_ALIGNMENT(._cfb_font.static.*)))
                0x00005638                        _cfb_font_list_end = .

tdata           0x00005638        0x0
 *(SORT_BY_ALIGNMENT(.tdata) SORT_BY_ALIGNMENT(.tdata.*) SORT_BY_ALIGNMENT(.gnu.linkonce.td.*))

tbss            0x00005638        0x4
 *(SORT_BY_ALIGNMENT(.tbss) SORT_BY_ALIGNMENT(.tbss.*) SORT_BY_ALIGNMENT(.gnu.linkonce.tb.*) SORT_BY_ALIGNMENT(.tcommon))
 .tbss.z_tls_current
                0x00005638        0x4 zephyr/libzephyr.a(thread_entry.c.obj)
                0x00005638                z_tls_current
                0x00005638                        PROVIDE (__tdata_start = LOADADDR (tdata))
                0x00000001                        PROVIDE (__tdata_align = ALIGNOF (tdata))
                0x00000000                        PROVIDE (__tdata_size = (((SIZEOF (tdata) + __tdata_align) - 0x1) & ~ ((__tdata_align - 0x1))))
                [!provide]                        PROVIDE (__tdata_end = (__tdata_start + __tdata_size))
                0x00000004                        PROVIDE (__tbss_align = ALIGNOF (tbss))
                [!provide]                        PROVIDE (__tbss_start = ADDR (tbss))
                0x00000004                        PROVIDE (__tbss_size = (((SIZEOF (tbss) + __tbss_align) - 0x1) & ~ ((__tbss_align - 0x1))))
                [!provide]                        PROVIDE (__tbss_end = (__tbss_start + __tbss_size))
                [!provide]                        PROVIDE (__tls_start = __tdata_start)
                [!provide]                        PROVIDE (__tls_end = __tbss_end)
                [!provide]                        PROVIDE (__tls_size = (__tbss_end - __tdata_start))

rodata          0x00005640      0x6c0
 *(SORT_BY_ALIGNMENT(.rodata))
 *(SORT_BY_ALIGNMENT(.rodata.*))
 .rodata.delay_machine_code.0
                0x00005640        0x6 zephyr/soc/soc/nrf52840/libsoc__nordic.a(soc.c.obj)
 *fill*         0x00005646        0x2 
 .rodata.mem_attr_region
                0x00005648        0x0 zephyr/libzephyr.a(mem_attr.c.obj)
 .rodata.static_regions
                0x00005648        0xc zephyr/arch/arch/arm/core/mpu/libarch__arm__core__mpu.a(arm_core_mpu.c.obj)
 .rodata.mpu_config
                0x00005654        0x8 zephyr/arch/arch/arm/core/mpu/libarch__arm__core__mpu.a(arm_mpu_regions.c.obj)
                0x00005654                mpu_config
 .rodata.mpu_regions